
Allocating common symbols
Common symbol       size              file

netbufpool          0x4               binaries/net.o
readylist           0x2               binaries/ready.o
rfltab              0x5a0             binaries/rflinit.o
sleepq              0x2               binaries/clkinit.o
nnames              0x4               binaries/naminit.o
udptab              0x168             binaries/udp.o
minheap             0x4               binaries/meminit.o
marks               0x50              binaries/mark.o
currpid             0x4               binaries/initialize.o
Lf_data             0x20c             binaries/lfsinit.o
porttab             0x2d0             binaries/ptinit.o
girmask             0x2               binaries/evec.o
ttytab              0x10c             binaries/ttyinit.o
proctab             0x1900            binaries/initialize.o
prcount             0x4               binaries/initialize.o
lfltab              0xf00             binaries/lflinit.o
clkmilli            0x4               binaries/clkinit.o
rdstab              0x8c              binaries/rdsinit.o
ethertab            0x138             binaries/ethinit.o
NetData             0xa8              binaries/net.o
nmarks              0x4               binaries/mark.o
xts_conf            0x2d0             binaries/initialize.o
Defer               0x8               binaries/resched.o
semtab              0x4b0             binaries/initialize.o
maxheap             0x4               binaries/meminit.o
preempt             0x4               binaries/clkinit.o
buftab              0xf0              binaries/bufinit.o
Rf_data             0x18              binaries/rfsinit.o
mkmutex             0x4               binaries/mark.o
xts_ready           0x1e0             binaries/initialize.o
clktime             0x4               binaries/clkinit.o
arpcache            0x140             binaries/arp.o
icmptab             0x230             binaries/icmp.o
nbpools             0x4               binaries/bufinit.o
queuetab            0xd40             binaries/queue.o
ptnextid            0x4               binaries/ptinit.o
Ram                 0x19000           binaries/raminit.o
ipoqueue            0x2c              binaries/ip.o
memlist             0x8               binaries/initialize.o
nametab             0x19a0            binaries/naminit.o
ptfree              0x4               binaries/ptinit.o

Memory Configuration

Name             Origin             Length             Attributes
*default*        0x0000000000000000 0xffffffffffffffff

Linker script and memory map

                0x0000000000100000                physbase = 0x100000
                0x0000000000100000                . = physbase
                0x0000000000100000                . = ALIGN (0x1000)

.text           0x0000000000100000    0x15000
                0x0000000000100000                text = ABSOLUTE (.)
 *(.text .text.*)
 .text          0x0000000000100000      0x1a8 binaries/start.o
                0x0000000000100024                start
                0x00000000001000f6                inb
                0x00000000001000fe                inw
                0x0000000000100107                inl
                0x000000000010010f                outb
                0x0000000000100119                outw
                0x0000000000100124                outl
                0x000000000010012e                _rtcin
                0x0000000000100139                ___udivsi3
                0x0000000000100144                ___divsi3
                0x0000000000100150                sbzero
                0x0000000000100160                bcopy
                0x0000000000100174                insw
                0x000000000010018a                outsw
                0x00000000001001a0                lidt
 .text          0x00000000001001a8       0x97 binaries/appl1.o
                0x00000000001001a8                appl1
 .text          0x000000000010023f      0x2bc binaries/ascdate.o
                0x000000000010023f                ascdate
 .text          0x00000000001004fb       0x14 binaries/bufinit.o
                0x00000000001004fb                bufinit
 .text          0x000000000010050f       0x62 binaries/chprio.o
                0x000000000010050f                chprio
 .text          0x0000000000100571       0x78 binaries/clkhandler.o
                0x0000000000100571                clkhandler
 .text          0x00000000001005e9       0x67 binaries/clkinit.o
                0x00000000001005e9                clkinit
 .text          0x0000000000100650       0x56 binaries/close.o
                0x0000000000100650                close
 .text          0x00000000001006a6        0x0 binaries/conf.o
 .text          0x00000000001006a6       0x5c binaries/control.o
                0x00000000001006a6                control
 .text          0x0000000000100702       0xfe binaries/cpubound.o
                0x0000000000100702                cpubound
 .text          0x0000000000100800       0xc6 binaries/cputest.o
                0x0000000000100800                cputest
 .text          0x00000000001008c6      0x223 binaries/create.o
                0x00000000001008c6                create
 .text          0x0000000000100ae9      0x20e binaries/early_imr.o
                0x0000000000100ae9                intel_cln_early_sb_read_reg
                0x0000000000100b40                intel_cln_early_sb_write_reg
                0x0000000000100bfa                remove_irm_protections
 .text          0x0000000000100cf7      0x2e2 binaries/evec.o
                0x0000000000100cf7                setirmask
                0x0000000000100d2f                set_evec
                0x0000000000100d8a                initevec
                0x0000000000100e5c                trap
 .text          0x0000000000100fd9       0x7f binaries/freebuf.o
                0x0000000000100fd9                freebuf
 .text          0x0000000000101058      0x108 binaries/freemem.o
                0x0000000000101058                freemem
 .text          0x0000000000101160       0x4c binaries/fun1.o
                0x0000000000101160                fun1
 .text          0x00000000001011ac       0x6e binaries/getbuf.o
                0x00000000001011ac                getbuf
 .text          0x000000000010121a       0x56 binaries/getc.o
                0x000000000010121a                getc
 .text          0x0000000000101270       0x8d binaries/getcpuused.o
                0x0000000000101270                getcputot
 .text          0x00000000001012fd       0x69 binaries/getdev.o
                0x00000000001012fd                getdev
 .text          0x0000000000101366       0x82 binaries/getitem.o
                0x0000000000101366                getitem
                0x0000000000101395                getfirst
                0x00000000001013bc                getlast
 .text          0x00000000001013e8       0xc2 binaries/getmem.o
                0x00000000001013e8                getmem
 .text          0x00000000001014aa        0xa binaries/getpid.o
                0x00000000001014aa                getpid
 .text          0x00000000001014b4       0x54 binaries/getprio.o
                0x00000000001014b4                getprio
 .text          0x0000000000101508       0xab binaries/getstk.o
                0x0000000000101508                getstk
 .text          0x00000000001015b3       0x32 binaries/gettime.o
                0x00000000001015b3                gettime
 .text          0x00000000001015e5      0x186 binaries/getutime.o
                0x00000000001015e5                getutime
 .text          0x000000000010176b      0x222 binaries/gocreate.o
                0x000000000010176b                gocreate
 .text          0x000000000010198d        0xa binaries/host2neta.o
                0x000000000010198d                host2neta
 .text          0x0000000000101997       0x56 binaries/init.o
                0x0000000000101997                init
 .text          0x00000000001019ed      0x360 binaries/initialize.o
                0x00000000001019ed                nulluser
                0x0000000000101d03                stop
                0x0000000000101d27                delay
 .text          0x0000000000101d4d       0x98 binaries/insert.o
                0x0000000000101d4d                insert
 .text          0x0000000000101de5       0xe8 binaries/insertd.o
                0x0000000000101de5                insertd
 .text          0x0000000000101ecd       0x88 binaries/iobound.o
                0x0000000000101ecd                iobound
 .text          0x0000000000101f55        0xa binaries/ioerr.o
                0x0000000000101f55                ioerr
 .text          0x0000000000101f5f        0xa binaries/ionull.o
                0x0000000000101f5f                ionull
 .text          0x0000000000101f69       0xc6 binaries/iotest.o
                0x0000000000101f69                iotest
 .text          0x000000000010202f      0x158 binaries/kill.o
                0x000000000010202f                kill
 .text          0x0000000000102187       0xbf binaries/kprintf.o
                0x0000000000102187                kputc
                0x00000000001021b9                console_init
                0x00000000001021ec                kgetc
                0x0000000000102212                kprintf
 .text          0x0000000000102246       0x9c binaries/main.o
                0x0000000000102246                main
 .text          0x00000000001022e2       0x99 binaries/mark.o
                0x00000000001022e2                markinit
                0x0000000000102303                mark
 .text          0x000000000010237b      0x1cc binaries/meminit.o
                0x000000000010237b                meminit
                0x00000000001024d5                setsegs
 .text          0x0000000000102547       0xec binaries/mixedtest.o
                0x0000000000102547                mixedtest
 .text          0x0000000000102633      0x122 binaries/mkbufpool.o
                0x0000000000102633                mkbufpool
 .text          0x0000000000102755       0x63 binaries/newqueue.o
                0x0000000000102755                newqueue
 .text          0x00000000001027b8       0x23 binaries/onandon.o
                0x00000000001027b8                onandon
 .text          0x00000000001027db       0x5c binaries/open.o
                0x00000000001027db                open
 .text          0x0000000000102837       0x20 binaries/panic.o
                0x0000000000102837                panic
 .text          0x0000000000102857      0x282 binaries/pci.o
                0x0000000000102857                pci_init
                0x0000000000102861                find_pci_device
                0x0000000000102920                pci_read_config_byte
                0x000000000010295e                pci_read_config_word
                0x000000000010299e                pci_read_config_dword
                0x00000000001029dc                pci_write_config_byte
                0x0000000000102a18                pci_write_config_word
                0x0000000000102a55                pci_write_config_dword
                0x0000000000102a91                pci_get_dev_mmio_base_addr
 .text          0x0000000000102ad9       0x50 binaries/platinit.o
                0x0000000000102ad9                platinit
 .text          0x0000000000102b29       0xa7 binaries/prnsegadd.o
                0x0000000000102b29                prnsegadd
 .text          0x0000000000102bd0       0xa9 binaries/ptclear.o
                0x0000000000102bd0                _ptclear
 .text          0x0000000000102c79       0x85 binaries/ptcount.o
                0x0000000000102c79                ptcount
 .text          0x0000000000102cfe       0xea binaries/ptcreate.o
                0x0000000000102cfe                ptcreate
 .text          0x0000000000102de8       0x63 binaries/ptdelete.o
                0x0000000000102de8                ptdelete
 .text          0x0000000000102e4b       0x8b binaries/ptinit.o
                0x0000000000102e4b                ptinit
 .text          0x0000000000102ed6       0xf5 binaries/ptrecv.o
                0x0000000000102ed6                ptrecv
 .text          0x0000000000102fcb       0x66 binaries/ptreset.o
                0x0000000000102fcb                ptreset
 .text          0x0000000000103031      0x115 binaries/ptsend.o
                0x0000000000103031                ptsend
 .text          0x0000000000103146       0x64 binaries/putc.o
                0x0000000000103146                putc
 .text          0x00000000001031aa       0xb3 binaries/quark_irq.o
                0x00000000001031aa                quark_irq_routing
 .text          0x000000000010325d      0x19c binaries/quark_pdat.o
                0x000000000010325d                get_quark_pdat_entry_data_by_id
                0x0000000000103328                get_quark_pdat_entry_data_by_desc
 .text          0x00000000001033f9       0xae binaries/queue.o
                0x00000000001033f9                enqueue
                0x000000000010345c                dequeue
 .text          0x00000000001034a7       0x5c binaries/read.o
                0x00000000001034a7                read
 .text          0x0000000000103503       0x59 binaries/ready.o
                0x0000000000103503                ready
 .text          0x000000000010355c       0x5a binaries/receive.o
                0x000000000010355c                receive
 .text          0x00000000001035b6       0x42 binaries/recvclr.o
                0x00000000001035b6                recvclr
 .text          0x00000000001035f8       0xad binaries/recvtime.o
                0x00000000001035f8                recvtime
 .text          0x00000000001036a5      0x168 binaries/resched.o
                0x00000000001036a5                resched
                0x000000000010379b                resched_cntl
 .text          0x000000000010380d       0x7e binaries/resume.o
                0x000000000010380d                resume
 .text          0x000000000010388b       0x59 binaries/seek.o
                0x000000000010388b                seek
 .text          0x00000000001038e4       0x51 binaries/semcount.o
                0x00000000001038e4                semcount
 .text          0x0000000000103935       0x8f binaries/semcreate.o
                0x0000000000103935                semcreate
 .text          0x00000000001039c4       0xcc binaries/semdelete.o
                0x00000000001039c4                semdelete
 .text          0x0000000000103a90       0xa8 binaries/semreset.o
                0x0000000000103a90                semreset
 .text          0x0000000000103b38       0xb3 binaries/send.o
                0x0000000000103b38                send
 .text          0x0000000000103beb       0x95 binaries/signal.o
                0x0000000000103beb                signal
 .text          0x0000000000103c80       0xba binaries/signaln.o
                0x0000000000103c80                signaln
 .text          0x0000000000103d3a       0xc0 binaries/sleep.o
                0x0000000000103d3a                sleepms
                0x0000000000103dc4                sleep
 .text          0x0000000000103dfa        0xd binaries/stackoverflowA.o
                0x0000000000103dfa                stackoverflowA
 .text          0x0000000000103e07       0x23 binaries/stackoverflowB.o
                0x0000000000103e07                stackoverflowB
 .text          0x0000000000103e2a       0xac binaries/suspend.o
                0x0000000000103e2a                suspend
 .text          0x0000000000103ed6       0x3a binaries/testloop.o
                0x0000000000103ed6                testloop
 .text          0x0000000000103f10       0x91 binaries/unsleep.o
                0x0000000000103f10                unsleep
 .text          0x0000000000103fa1       0x19 binaries/userret.o
                0x0000000000103fa1                userret
 .text          0x0000000000103fba       0xaa binaries/wait.o
                0x0000000000103fba                wait
 .text          0x0000000000104064       0x71 binaries/wakeup.o
                0x0000000000104064                wakeup
 .text          0x00000000001040d5       0x5c binaries/write.o
                0x00000000001040d5                write
 .text          0x0000000000104131       0x1a binaries/xdone.o
                0x0000000000104131                xdone
 .text          0x000000000010414b       0x6c binaries/xts_dequeue.o
                0x000000000010414b                xts_dequeue
 .text          0x00000000001041b7       0x80 binaries/xts_enqueue.o
                0x00000000001041b7                xts_enqueue
 .text          0x0000000000104237       0x35 binaries/xts_priochk.o
                0x0000000000104237                xts_priochk
 .text          0x000000000010426c       0x26 binaries/yield.o
                0x000000000010426c                yield
 .text          0x0000000000104292       0x11 binaries/abs.o
                0x0000000000104292                abs
 .text          0x00000000001042a3       0x80 binaries/atoi.o
                0x00000000001042a3                atoi
 .text          0x0000000000104323       0x80 binaries/atol.o
                0x0000000000104323                atol
 .text          0x00000000001043a3       0x1a binaries/bzero.o
                0x00000000001043a3                bzero
 .text          0x00000000001043bd        0x0 binaries/ctype_.o
 .text          0x00000000001043bd      0x6ad binaries/doprnt.o
                0x0000000000104510                _doprnt
 .text          0x0000000000104a6a      0x5e5 binaries/doscan.o
                0x0000000000104a6a                _doscan
 .text          0x000000000010504f      0x64e binaries/fdoprnt.o
                0x00000000001050d4                _fdoprnt
 .text          0x000000000010569d       0x1c binaries/fgetc.o
                0x000000000010569d                fgetc
 .text          0x00000000001056b9       0x5b binaries/fgets.o
                0x00000000001056b9                fgets
 .text          0x0000000000105714       0x21 binaries/fprintf.o
                0x0000000000105714                fprintf
 .text          0x0000000000105735       0x27 binaries/fputc.o
                0x0000000000105735                fputc
 .text          0x000000000010575c       0x3a binaries/fputs.o
                0x000000000010575c                fputs
 .text          0x0000000000105796       0x6a binaries/fscanf.o
                0x00000000001057d4                fscanf
 .text          0x0000000000105800       0x1d binaries/getchar.o
                0x0000000000105800                getchar
 .text          0x000000000010581d       0x11 binaries/labs.o
                0x000000000010581d                labs
 .text          0x000000000010582e       0x36 binaries/memchr.o
                0x000000000010582e                memchr
 .text          0x0000000000105864       0x4a binaries/memcmp.o
                0x0000000000105864                memcmp
 .text          0x00000000001058ae       0x26 binaries/memcpy.o
                0x00000000001058ae                memcpy
 .text          0x00000000001058d4       0x1f binaries/memset.o
                0x00000000001058d4                memset
 .text          0x00000000001058f3       0x2e binaries/printf.o
                0x00000000001058f3                printf
 .text          0x0000000000105921       0x20 binaries/putchar.o
                0x0000000000105921                putchar
 .text          0x0000000000105941      0x1d0 binaries/qsort.o
                0x0000000000105ae9                qsort
 .text          0x0000000000105b11       0x4c binaries/rand.o
                0x0000000000105b11                srand
                0x0000000000105b1e                rand
 .text          0x0000000000105b5d       0x48 binaries/sprintf.o
                0x0000000000105b76                sprintf
 .text          0x0000000000105ba5       0x5a binaries/sscanf.o
                0x0000000000105bd5                sscanf
 .text          0x0000000000105bff       0x2f binaries/strchr.o
                0x0000000000105bff                strchr
 .text          0x0000000000105c2e       0x45 binaries/strcmp.o
                0x0000000000105c2e                strcmp
 .text          0x0000000000105c73       0x1c binaries/strcpy.o
                0x0000000000105c73                strcpy
 .text          0x0000000000105c8f       0x20 binaries/strlen.o
                0x0000000000105c8f                strlen
 .text          0x0000000000105caf       0x3d binaries/strncat.o
                0x0000000000105caf                strncat
 .text          0x0000000000105cec       0x3b binaries/strncmp.o
                0x0000000000105cec                strncmp
 .text          0x0000000000105d27       0x59 binaries/strncpy.o
                0x0000000000105d27                strncpy
 .text          0x0000000000105d80       0x38 binaries/strnlen.o
                0x0000000000105d80                strnlen
 .text          0x0000000000105db8       0x32 binaries/strrchr.o
                0x0000000000105db8                strrchr
 .text          0x0000000000105dea       0x68 binaries/strstr.o
                0x0000000000105dea                strstr
 .text          0x0000000000105e52      0x112 binaries/ttycontrol.o
                0x0000000000105e52                ttycontrol
 .text          0x0000000000105f64       0xb0 binaries/ttygetc.o
                0x0000000000105f64                ttygetc
 .text          0x0000000000106014      0x4aa binaries/ttyhandle_in.o
                0x00000000001060d8                ttyhandle_in
 .text          0x00000000001064be      0x158 binaries/ttyhandle_out.o
                0x00000000001064be                ttyhandle_out
 .text          0x0000000000106616       0x85 binaries/ttyhandler.o
                0x0000000000106616                ttyhandler
 .text          0x000000000010669b      0x15d binaries/ttyinit.o
                0x000000000010669b                ttyinit
 .text          0x00000000001067f8        0xf binaries/ttykickout.o
                0x00000000001067f8                ttykickout
 .text          0x0000000000106807       0xb2 binaries/ttyputc.o
                0x0000000000106807                ttyputc
 .text          0x00000000001068b9       0xfd binaries/ttyread.o
                0x00000000001068b9                ttyread
 .text          0x00000000001069b6       0x4d binaries/ttywrite.o
                0x00000000001069b6                ttywrite
 .text          0x0000000000106a03      0x129 binaries/mount.o
                0x0000000000106a03                namlen
                0x0000000000106a3f                mount
 .text          0x0000000000106b2c      0x1c4 binaries/naminit.o
                0x0000000000106b2c                naminit
 .text          0x0000000000106cf0      0x1fe binaries/nammap.o
                0x0000000000106cf0                namrepl
                0x0000000000106e13                namcpy
                0x0000000000106e61                nammap
 .text          0x0000000000106eee       0x44 binaries/namopen.o
                0x0000000000106eee                namopen
 .text          0x0000000000106f32       0xd8 binaries/colon2mac.o
                0x0000000000106f32                colon2mac
 .text          0x000000000010700a       0x7d binaries/ethcontrol.o
                0x000000000010700a                ethcontrol
 .text          0x0000000000107087      0x16e binaries/ethhandler.o
                0x0000000000107087                ethhandler
 .text          0x00000000001071f5      0x51d binaries/ethinit.o
                0x00000000001071f5                eth_phy_read
                0x0000000000107235                eth_phy_write
                0x0000000000107276                eth_phy_reset
                0x0000000000107350                ethinit
 .text          0x0000000000107712       0xef binaries/ethmcast.o
                0x0000000000107712                ethmcast_add
                0x000000000010775e                ethmcast_remove
 .text          0x0000000000107801      0x14c binaries/ethread.o
                0x0000000000107801                ethread
 .text          0x000000000010794d       0xc1 binaries/ethwrite.o
                0x000000000010794d                ethwrite
 .text          0x0000000000107a0e       0x68 binaries/rdsbufalloc.o
                0x0000000000107a0e                rdsbufalloc
 .text          0x0000000000107a76       0xce binaries/rdsclose.o
                0x0000000000107a76                rdsclose
 .text          0x0000000000107b44      0x1e3 binaries/rdscomm.o
                0x0000000000107b44                rdscomm
 .text          0x0000000000107d27      0x1c4 binaries/rdscontrol.o
                0x0000000000107d27                rdscontrol
 .text          0x0000000000107eeb      0x1e0 binaries/rdsinit.o
                0x0000000000107eeb                rdsinit
 .text          0x00000000001080cb      0x199 binaries/rdsopen.o
                0x00000000001080cb                rdsopen
 .text          0x0000000000108264      0x2b7 binaries/rdsprocess.o
                0x0000000000108264                rdsprocess
 .text          0x000000000010851b      0x1d8 binaries/rdsread.o
                0x000000000010851b                rdsread
 .text          0x00000000001086f3      0x1ae binaries/rdswrite.o
                0x00000000001086f3                rdswrite
 .text          0x00000000001088a1        0xa binaries/ramclose.o
                0x00000000001088a1                ramclose
 .text          0x00000000001088ab       0x35 binaries/raminit.o
                0x00000000001088ab                raminit
 .text          0x00000000001088e0        0xa binaries/ramopen.o
                0x00000000001088e0                ramopen
 .text          0x00000000001088ea       0x26 binaries/ramread.o
                0x00000000001088ea                ramread
 .text          0x0000000000108910       0x26 binaries/ramwrite.o
                0x0000000000108910                ramwrite
 .text          0x0000000000108936       0x87 binaries/lfdballoc.o
                0x0000000000108936                lfdballoc
 .text          0x00000000001089bd       0x49 binaries/lfdbfree.o
                0x00000000001089bd                lfdbfree
 .text          0x0000000000108a06       0xa1 binaries/lfflush.o
                0x0000000000108a06                lfflush
 .text          0x0000000000108aa7       0x82 binaries/lfgetmode.o
                0x0000000000108aa7                lfgetmode
 .text          0x0000000000108b29       0x60 binaries/lfiballoc.o
                0x0000000000108b29                lfiballoc
 .text          0x0000000000108b89       0x27 binaries/lfibclear.o
                0x0000000000108b89                lfibclear
 .text          0x0000000000108bb0       0x6c binaries/lfibget.o
                0x0000000000108bb0                lfibget
 .text          0x0000000000108c1c       0x88 binaries/lfibput.o
                0x0000000000108c1c                lfibput
 .text          0x0000000000108ca4       0xa4 binaries/lflclose.o
                0x0000000000108ca4                lflclose
 .text          0x0000000000108d48       0xc2 binaries/lflcontrol.o
                0x0000000000108d48                lflcontrol
 .text          0x0000000000108e0a       0xfb binaries/lflgetc.o
                0x0000000000108e0a                lflgetc
 .text          0x0000000000108f05       0xe7 binaries/lflinit.o
                0x0000000000108f05                lflinit
 .text          0x0000000000108fec      0x125 binaries/lflputc.o
                0x0000000000108fec                lflputc
 .text          0x0000000000109111       0x6b binaries/lflread.o
                0x0000000000109111                lflread
 .text          0x000000000010917c       0xbd binaries/lflseek.o
                0x000000000010917c                lflseek
 .text          0x0000000000109239       0x52 binaries/lflwrite.o
                0x0000000000109239                lflwrite
 .text          0x000000000010928b      0x114 binaries/lfsckfmt.o
                0x000000000010928b                lfsckfmt
 .text          0x000000000010939f      0x1e6 binaries/lfscreate.o
                0x000000000010939f                lfscreate
 .text          0x0000000000109585      0x1b1 binaries/lfsetup.o
                0x0000000000109585                lfsetup
 .text          0x0000000000109736       0x45 binaries/lfsinit.o
                0x0000000000109736                lfsinit
 .text          0x000000000010977b      0x2fe binaries/lfsopen.o
                0x000000000010977b                lfsopen
 .text          0x0000000000109a79      0x112 binaries/lftruncate.o
                0x0000000000109a79                lftruncate
 .text          0x0000000000109b8b       0x69 binaries/rflclose.o
                0x0000000000109b8b                rflclose
 .text          0x0000000000109bf4       0x29 binaries/rflgetc.o
                0x0000000000109bf4                rflgetc
 .text          0x0000000000109c1d       0x6c binaries/rflinit.o
                0x0000000000109c1d                rflinit
 .text          0x0000000000109c89       0x29 binaries/rflputc.o
                0x0000000000109c89                rflputc
 .text          0x0000000000109cb2      0x2ba binaries/rflread.o
                0x0000000000109cb2                rflread
 .text          0x0000000000109f6c       0x68 binaries/rflseek.o
                0x0000000000109f6c                rflseek
 .text          0x0000000000109fd4      0x2fa binaries/rflwrite.o
                0x0000000000109fd4                rflwrite
 .text          0x000000000010a2ce      0x17c binaries/rfscomm.o
                0x000000000010a2ce                rfscomm
 .text          0x000000000010a44a      0x22b binaries/rfscontrol.o
                0x000000000010a44a                rfscontrol
 .text          0x000000000010a675       0x82 binaries/rfsgetmode.o
                0x000000000010a675                rfsgetmode
 .text          0x000000000010a6f7       0x7e binaries/rfsinit.o
                0x000000000010a6f7                rfsinit
 .text          0x000000000010a775       0xad binaries/rfsndmsg.o
                0x000000000010a775                rfsndmsg
 .text          0x000000000010a822      0x243 binaries/rfsopen.o
                0x000000000010a822                rfsopen
 .text          0x000000000010aa65      0x626 binaries/arp.o
                0x000000000010aa65                arp_init
                0x000000000010aa81                arp_alloc
                0x000000000010ab28                arp_ntoh
                0x000000000010ab95                arp_hton
                0x000000000010ac02                arp_resolve
                0x000000000010ae53                arp_in
 .text          0x000000000010b08b      0x5e3 binaries/dhcp.o
                0x000000000010b08b                dhcp_get_opt_val
                0x000000000010b0df                dhcp_bld_bootp_msg
                0x000000000010b1b1                dhcp_bld_disc
                0x000000000010b203                dhcp_bld_req
                0x000000000010b29e                getlocalip
 .text          0x000000000010b66e       0xdf binaries/dot2ip.o
                0x000000000010b66e                dot2ip
 .text          0x000000000010b74d      0x38c binaries/hexdump.o
                0x000000000010b74d                hexdump
                0x000000000010b8a7                hexadump
 .text          0x000000000010bad9      0x6eb binaries/icmp.o
                0x000000000010bad9                icmp_init
                0x000000000010baf5                icmp_register
                0x000000000010bbb3                icmp_recv
                0x000000000010bd56                icmp_mkpkt
                0x000000000010be23                icmp_in
                0x000000000010bfbb                icmp_send
                0x000000000010c02a                icmp_release
                0x000000000010c13c                icmp_cksum
                0x000000000010c196                icmp_hton
                0x000000000010c1ad                icmp_ntoh
 .text          0x000000000010c1c4      0x5dc binaries/ip.o
                0x000000000010c1c4                ip_local
                0x000000000010c204                ipcksum
                0x000000000010c254                ip_ntoh
                0x000000000010c2c1                ip_in
                0x000000000010c3e6                ip_hton
                0x000000000010c453                ip_out
                0x000000000010c509                ip_send
                0x000000000010c615                ipout
                0x000000000010c708                ip_enqueue
 .text          0x000000000010c7a0      0x1b2 binaries/net.o
                0x000000000010c7a0                net_init
                0x000000000010c897                eth_hton
                0x000000000010c8a4                eth_ntoh
                0x000000000010c8b1                netin
 .text          0x000000000010c952       0xb9 binaries/netstart.o
                0x000000000010c952                netstart
 .text          0x000000000010ca0b      0xa30 binaries/pdump.o
                0x000000000010ca0b                pdump
                0x000000000010cff0                pdumph
 .text          0x000000000010d43b      0x5c4 binaries/tftp.o
                0x000000000010d43b                tftp_send1
                0x000000000010d54f                tftpget_mb
                0x000000000010d9dc                tftpget
 .text          0x000000000010d9ff      0xa10 binaries/udp.o
                0x000000000010d9ff                udp_init
                0x000000000010da40                udp_in
                0x000000000010db69                udp_register
                0x000000000010dc7a                udp_recv
                0x000000000010de14                udp_recvaddr
                0x000000000010dfc2                udp_send
                0x000000000010e170                udp_sendto
                0x000000000010e2d9                udp_release
                0x000000000010e3e1                udp_ntoh
                0x000000000010e3f8                udp_hton
 .text          0x000000000010e40f      0x10e binaries/addargs.o
                0x000000000010e40f                addargs
 .text          0x000000000010e51d      0x1db binaries/lexan.o
                0x000000000010e51d                lexan
 .text          0x000000000010e6f8      0x63d binaries/shell.o
                0x000000000010e6f8                shell
 .text          0x000000000010ed35       0x59 binaries/xsh_argecho.o
                0x000000000010ed35                xsh_argecho
 .text          0x000000000010ed8e      0x1fb binaries/xsh_arp.o
                0x000000000010ed8e                xsh_arp
 .text          0x000000000010ef89      0x1db binaries/xsh_cat.o
                0x000000000010ef89                xsh_cat
 .text          0x000000000010f164       0x4f binaries/xsh_clear.o
                0x000000000010f164                xsh_clear
 .text          0x000000000010f1b3      0x25d binaries/xsh_date.o
                0x000000000010f1b3                xsh_date
 .text          0x000000000010f410       0x80 binaries/xsh_devdump.o
                0x000000000010f410                xsh_devdump
 .text          0x000000000010f490       0x63 binaries/xsh_echo.o
                0x000000000010f490                xsh_echo
 .text          0x000000000010f4f3        0xa binaries/xsh_exit.o
                0x000000000010f4f3                xsh_exit
 .text          0x000000000010f4fd      0x31f binaries/xsh_help.o
                0x000000000010f4fd                xsh_help
 .text          0x000000000010f81c      0x367 binaries/xsh_ipaddr.o
                0x000000000010f81c                xsh_ipaddr
 .text          0x000000000010fb83      0x1aa binaries/xsh_kill.o
                0x000000000010fb83                xsh_kill
 .text          0x000000000010fd2d      0x3c0 binaries/xsh_memdump.o
                0x000000000010fdf3                xsh_memdump
 .text          0x00000000001100ed      0x1cc binaries/xsh_memstat.o
                0x00000000001100ed                xsh_memstat
 .text          0x00000000001102b9      0x27f binaries/xsh_ping.o
                0x00000000001102b9                xsh_ping
 .text          0x0000000000110538      0x19c binaries/xsh_ps.o
                0x0000000000110538                xsh_ps
 .text          0x00000000001106d4      0x1a3 binaries/xsh_sleep.o
                0x00000000001106d4                xsh_sleep
 .text          0x0000000000110877      0x1c4 binaries/xsh_udpdump.o
                0x0000000000110877                xsh_udpdump
 .text          0x0000000000110a3b      0x3ad binaries/xsh_udpecho.o
                0x0000000000110a3b                xsh_udpecho
 .text          0x0000000000110de8      0x1fc binaries/xsh_udpeserver.o
                0x0000000000110de8                xsh_udpeserver
 .text          0x0000000000110fe4      0x1b0 binaries/xsh_uptime.o
                0x0000000000110fe4                xsh_uptime
 .text          0x0000000000111194        0xe binaries/clkdisp.o
                0x0000000000111194                clkdisp
 .text          0x00000000001111a2       0x19 binaries/ctxsw.o
                0x00000000001111a2                ctxsw
 .text          0x00000000001111bb       0x31 binaries/host2netca.o
                0x00000000001111bb                host2netca
 .text          0x00000000001111ec        0xa binaries/host2net.o
                0x00000000001111ec                host2net
 .text          0x00000000001111f6      0x368 binaries/intr.o
                0x00000000001111f6                disable
                0x00000000001111ff                restore
                0x000000000011120d                enable
                0x000000000011120f                pause
                0x0000000000111216                halt
                0x0000000000111219                spurious_irq7
                0x000000000011121e                spurious_irq15
                0x000000000011122d                _Xint0
                0x0000000000111238                _Xint1
                0x0000000000111243                _Xint2
                0x000000000011124e                _Xint3
                0x0000000000111259                _Xint4
                0x0000000000111264                _Xint5
                0x000000000011126f                _Xint6
                0x000000000011127a                _Xint7
                0x0000000000111285                _Xint8
                0x0000000000111290                _Xint9
                0x000000000011129b                _Xint10
                0x00000000001112a6                _Xint11
                0x00000000001112b4                _Xint12
                0x00000000001112c2                _Xint13
                0x00000000001112d0                _Xint14
                0x00000000001112de                _Xint15
                0x00000000001112ec                _Xint16
                0x00000000001112fa                _Xint17
                0x0000000000111308                _Xint18
                0x0000000000111316                _Xint19
                0x0000000000111324                _Xint20
                0x0000000000111332                _Xint21
                0x0000000000111340                _Xint22
                0x000000000011134e                _Xint23
                0x000000000011135c                _Xint24
                0x000000000011136a                _Xint25
                0x0000000000111378                _Xint26
                0x0000000000111386                _Xint27
                0x0000000000111394                _Xint28
                0x00000000001113a2                _Xint29
                0x00000000001113b0                _Xint30
                0x00000000001113be                _Xint31
                0x00000000001113cc                _Xint32
                0x00000000001113da                _Xint33
                0x00000000001113e8                _Xint34
                0x00000000001113f6                _Xint35
                0x0000000000111404                _Xint36
                0x0000000000111412                _Xint37
                0x0000000000111420                _Xint38
                0x000000000011142e                _Xint39
                0x000000000011143c                _Xint40
                0x000000000011144a                _Xint41
                0x0000000000111458                _Xint42
                0x0000000000111466                _Xint43
                0x0000000000111474                _Xint44
                0x0000000000111482                _Xint45
                0x0000000000111490                _Xint46
                0x000000000011149e                defevec
 .text          0x000000000011155e        0xf binaries/ttydispatch.o
                0x000000000011155e                ttydispatch
 .text          0x000000000011156d       0x13 binaries/ethdispatch.o
                0x000000000011156d                ethdispatch
 *(.rodata .rodata.*)
 .rodata.str1.4
                0x0000000000111580       0xe6 binaries/appl1.o
 .rodata.str1.1
                0x0000000000111666       0x54 binaries/ascdate.o
 *fill*         0x00000000001116ba        0x2 
 .rodata.str1.4
                0x00000000001116bc       0x22 binaries/ascdate.o
 .rodata.str1.1
                0x00000000001116de       0x5f binaries/conf.o
 *fill*         0x000000000011173d        0x3 
 .rodata.str1.4
                0x0000000000111740       0x52 binaries/cpubound.o
 .rodata        0x0000000000111792       0x32 binaries/cpubound.o
 .rodata.str1.1
                0x00000000001117c4       0x32 binaries/cputest.o
 *fill*         0x00000000001117f6        0x2 
 .rodata.str1.4
                0x00000000001117f8       0x4f binaries/early_imr.o
 *fill*         0x0000000000111847        0x1 
 .rodata        0x0000000000111848       0x33 binaries/early_imr.o
 .rodata.str1.1
                0x000000000011187b      0x20c binaries/evec.o
 *fill*         0x0000000000111a87        0x1 
 .rodata.str1.4
                0x0000000000111a88       0x23 binaries/evec.o
 *fill*         0x0000000000111aab        0x1 
 .rodata.str1.4
                0x0000000000111aac       0x3a binaries/fun1.o
                                         0xa9 (size before relaxing)
 .rodata.str1.1
                0x0000000000111ae6        0xb binaries/getutime.o
 *fill*         0x0000000000111af1        0x3 
 .rodata.str1.4
                0x0000000000111af4       0x54 binaries/getutime.o
 .rodata.str1.1
                0x0000000000111b48       0x34 binaries/initialize.o
                                         0x38 (size before relaxing)
 .rodata.str1.4
                0x0000000000111b7c       0x90 binaries/initialize.o
 .rodata.str1.4
                0x0000000000111c0c       0x52 binaries/iobound.o
 .rodata.str1.1
                0x0000000000111c0c       0x2d binaries/iotest.o
 *fill*         0x0000000000111c39        0x3 
 .rodata        0x0000000000111c3c       0x20 binaries/kill.o
 .rodata.str1.1
                0x0000000000111c5c       0x25 binaries/main.o
 *fill*         0x0000000000111c81        0x3 
 .rodata.str1.4
                0x0000000000111c84      0x17f binaries/main.o
 *fill*         0x0000000000111e03        0x1 
 .rodata.str1.4
                0x0000000000111e04       0x23 binaries/meminit.o
 .rodata.str1.1
                0x0000000000111e27       0x1b binaries/meminit.o
 .rodata.str1.1
                0x0000000000111e42       0x39 binaries/mixedtest.o
 .rodata.str1.1
                0x0000000000111e7b        0xf binaries/panic.o
 *fill*         0x0000000000111e8a        0x2 
 .rodata.str1.4
                0x0000000000111e8c       0x97 binaries/prnsegadd.o
 .rodata.str1.1
                0x0000000000111f23       0x5f binaries/prnsegadd.o
 .rodata.str1.1
                0x0000000000111f82       0x1c binaries/ptinit.o
 *fill*         0x0000000000111f9e        0x2 
 .rodata.str1.4
                0x0000000000111fa0       0x25 binaries/ptsend.o
 .rodata.str1.1
                0x0000000000111fc5       0x22 binaries/quark_pdat.o
 .rodata.str1.1
                0x0000000000111fe7       0x12 binaries/testloop.o
 *fill*         0x0000000000111ff9        0x3 
 .rodata.str1.4
                0x0000000000111ffc       0x27 binaries/xdone.o
 *fill*         0x0000000000112023       0x1d 
 .rodata        0x0000000000112040       0x81 binaries/ctype_.o
                0x0000000000112040                _ctype_
 .rodata.str1.1
                0x00000000001120c1       0x29 binaries/doprnt.o
 *fill*         0x00000000001120ea        0x2 
 .rodata        0x00000000001120ec       0xc4 binaries/doprnt.o
 .rodata        0x00000000001121b0       0x98 binaries/doscan.o
 .rodata.str1.1
                0x0000000000112248       0x29 binaries/fdoprnt.o
 .rodata        0x0000000000112248       0x84 binaries/fdoprnt.o
 .rodata        0x00000000001122cc       0x20 binaries/ttycontrol.o
 .rodata.str1.4
                0x00000000001122ec       0x4c binaries/naminit.o
 .rodata.str1.1
                0x0000000000112338       0x32 binaries/naminit.o
                                         0x35 (size before relaxing)
 .rodata.str1.1
                0x000000000011236a       0x15 binaries/ethinit.o
 *fill*         0x000000000011237f        0x1 
 .rodata.str1.4
                0x0000000000112380       0x2e binaries/ethinit.o
 *fill*         0x00000000001123ae        0x2 
 .rodata.str1.4
                0x00000000001123b0       0x2c binaries/rdsbufalloc.o
 .rodata.str1.4
                0x00000000001123dc       0x76 binaries/rdscomm.o
 *fill*         0x0000000000112452        0x2 
 .rodata.str1.4
                0x0000000000112454       0x48 binaries/rdscontrol.o
 .rodata.str1.4
                0x000000000011249c       0x7e binaries/rdsinit.o
 .rodata.str1.1
                0x000000000011251a       0x18 binaries/rdsinit.o
 *fill*         0x0000000000112532        0x2 
 .rodata.str1.4
                0x0000000000112534       0x22 binaries/rdsopen.o
 *fill*         0x0000000000112556        0x2 
 .rodata.str1.4
                0x0000000000112558       0x4d binaries/rdsprocess.o
 .rodata.str1.1
                0x00000000001125a5        0x9 binaries/raminit.o
 .rodata.str1.1
                0x00000000001125ae       0x13 binaries/lfdballoc.o
 *fill*         0x00000000001125c1        0x3 
 .rodata.str1.4
                0x00000000001125c4       0x23 binaries/lfdballoc.o
 .rodata.str1.1
                0x00000000001125e7       0x14 binaries/lfiballoc.o
 *fill*         0x00000000001125fb        0x1 
 .rodata.str1.4
                0x00000000001125fc       0x23 binaries/lflcontrol.o
 .rodata.str1.1
                0x000000000011261f       0x64 binaries/lfsckfmt.o
 *fill*         0x0000000000112683        0x1 
 .rodata.str1.4
                0x0000000000112684       0x51 binaries/lfsckfmt.o
 *fill*         0x00000000001126d5        0x3 
 .rodata.str1.4
                0x00000000001126d8       0x21 binaries/rflread.o
 .rodata.str1.4
                0x00000000001126f9       0x21 binaries/rflwrite.o
 *fill*         0x00000000001126f9        0x3 
 .rodata.str1.4
                0x00000000001126fc       0x75 binaries/rfscomm.o
 *fill*         0x0000000000112771        0x3 
 .rodata.str1.4
                0x0000000000112774       0x23 binaries/rfscontrol.o
 *fill*         0x0000000000112797        0x1 
 .rodata        0x0000000000112798       0x18 binaries/rfscontrol.o
 .rodata.str1.1
                0x00000000001127b0       0x10 binaries/rfsinit.o
 .rodata.str1.4
                0x00000000001127b0       0x57 binaries/rfsinit.o
 *fill*         0x0000000000112807        0x1 
 .rodata.str1.4
                0x0000000000112808       0x2a binaries/rfsndmsg.o
 .rodata.str1.4
                0x0000000000112832       0x22 binaries/rfsopen.o
 .rodata.str1.1
                0x0000000000112832       0x19 binaries/arp.o
 *fill*         0x000000000011284b        0x1 
 .rodata.str1.4
                0x000000000011284c       0x21 binaries/arp.o
 *fill*         0x000000000011286d        0x3 
 .rodata.str1.4
                0x0000000000112870       0xa6 binaries/dhcp.o
 .rodata.str1.1
                0x0000000000112916       0x4a binaries/dhcp.o
 .rodata.str1.1
                0x0000000000112960       0x5a binaries/hexdump.o
                                         0x61 (size before relaxing)
 *fill*         0x00000000001129ba        0x2 
 .rodata.str1.4
                0x00000000001129bc       0x67 binaries/hexdump.o
 *fill*         0x0000000000112a23        0x1 
 .rodata.str1.4
                0x0000000000112a24       0x29 binaries/icmp.o
 .rodata.str1.1
                0x0000000000112a4d       0x4e binaries/ip.o
 *fill*         0x0000000000112a9b        0x1 
 .rodata.str1.4
                0x0000000000112a9c       0x20 binaries/ip.o
 .rodata.str1.4
                0x0000000000112abc       0x28 binaries/net.o
 .rodata.str1.1
                0x0000000000112ae4       0x27 binaries/net.o
 *fill*         0x0000000000112b0b        0x1 
 .rodata.str1.4
                0x0000000000112b0c       0xcf binaries/netstart.o
 .rodata.str1.1
                0x0000000000112bdb      0x141 binaries/pdump.o
                                        0x14b (size before relaxing)
 .rodata.str1.4
                0x0000000000112d1c      0x126 binaries/pdump.o
 *fill*         0x0000000000112e42        0x2 
 .rodata.str1.4
                0x0000000000112e44      0x148 binaries/tftp.o
 .rodata.str1.1
                0x0000000000112f8c        0x6 binaries/tftp.o
                                          0xa (size before relaxing)
 .rodata.str1.1
                0x0000000000112f92       0xe3 binaries/shell.o
                                         0xff (size before relaxing)
 *fill*         0x0000000000113075        0x3 
 .rodata.str1.4
                0x0000000000113078      0x1c4 binaries/shell.o
 *fill*         0x000000000011323c        0x4 
 .rodata        0x0000000000113240       0xfc binaries/shell.o
                0x0000000000113240                cmdtab
 .rodata.str1.1
                0x000000000011333c       0x26 binaries/xsh_argecho.o
                                         0x28 (size before relaxing)
 .rodata.str1.1
                0x0000000000113362       0x70 binaries/xsh_arp.o
                                         0x72 (size before relaxing)
 *fill*         0x00000000001133d2        0x2 
 .rodata.str1.4
                0x00000000001133d4       0xb4 binaries/xsh_arp.o
 .rodata.str1.1
                0x0000000000113488       0x2d binaries/xsh_cat.o
                                         0x4f (size before relaxing)
 *fill*         0x00000000001134b5        0x3 
 .rodata.str1.4
                0x00000000001134b8       0x52 binaries/xsh_cat.o
                                         0x79 (size before relaxing)
 .rodata.str1.1
                0x000000000011350a       0x15 binaries/xsh_clear.o
 .rodata.str1.1
                0x000000000011351f       0x46 binaries/xsh_date.o
                                         0x5f (size before relaxing)
 *fill*         0x0000000000113565        0x3 
 .rodata.str1.4
                0x0000000000113568      0x163 binaries/xsh_date.o
 .rodata.str1.1
                0x00000000001136cb       0x5d binaries/xsh_devdump.o
 .rodata.str1.1
                0x0000000000113728        0x4 binaries/xsh_echo.o
                                          0x9 (size before relaxing)
 .rodata.str1.1
                0x000000000011372c       0x65 binaries/xsh_help.o
                                         0xa3 (size before relaxing)
 *fill*         0x0000000000113791        0x3 
 .rodata.str1.4
                0x0000000000113794       0x7c binaries/xsh_help.o
                                         0xc6 (size before relaxing)
 .rodata.str1.1
                0x0000000000113810       0x9c binaries/xsh_ipaddr.o
                                         0xf8 (size before relaxing)
 .rodata.str1.4
                0x00000000001138ac       0x4d binaries/xsh_ipaddr.o
                                         0x99 (size before relaxing)
 .rodata.str1.1
                0x00000000001138f9       0x78 binaries/xsh_kill.o
                                         0x97 (size before relaxing)
 *fill*         0x0000000000113971        0x3 
 .rodata.str1.4
                0x0000000000113974       0x4a binaries/xsh_kill.o
                                         0x96 (size before relaxing)
 .rodata.str1.1
                0x00000000001139be       0x84 binaries/xsh_memdump.o
                                         0xa8 (size before relaxing)
 *fill*         0x0000000000113a42        0x2 
 .rodata.str1.4
                0x0000000000113a44      0x15a binaries/xsh_memdump.o
                                        0x1aa (size before relaxing)
 .rodata.str1.1
                0x0000000000113b9e       0x40 binaries/xsh_memstat.o
                                         0x79 (size before relaxing)
 *fill*         0x0000000000113bde        0x2 
 .rodata.str1.4
                0x0000000000113be0      0x187 binaries/xsh_memstat.o
                                        0x1af (size before relaxing)
 .rodata.str1.1
                0x0000000000113d67       0x90 binaries/xsh_ping.o
                                         0xaf (size before relaxing)
 *fill*         0x0000000000113df7        0x1 
 .rodata.str1.4
                0x0000000000113df8       0x77 binaries/xsh_ping.o
                                         0xc6 (size before relaxing)
 .rodata.str1.1
                0x0000000000113e6f       0x74 binaries/xsh_ps.o
                                         0xd5 (size before relaxing)
 *fill*         0x0000000000113ee3        0x1 
 .rodata.str1.4
                0x0000000000113ee4       0x80 binaries/xsh_ps.o
                                         0xd0 (size before relaxing)
 *fill*         0x0000000000113f64       0x1c 
 .rodata        0x0000000000113f80       0x20 binaries/xsh_ps.o
 .rodata.str1.1
                0x0000000000113fa0       0x31 binaries/xsh_sleep.o
                                         0x72 (size before relaxing)
 *fill*         0x0000000000113fd1        0x3 
 .rodata.str1.4
                0x0000000000113fd4       0x2a binaries/xsh_sleep.o
                                         0x7a (size before relaxing)
 .rodata.str1.1
                0x0000000000113ffe       0x6b binaries/xsh_udpdump.o
                                         0xd2 (size before relaxing)
 *fill*         0x0000000000114069        0x3 
 .rodata.str1.4
                0x000000000011406c       0x94 binaries/xsh_udpdump.o
                                         0xe4 (size before relaxing)
 .rodata.str1.1
                0x0000000000114100       0xdb binaries/xsh_udpecho.o
                                         0xfa (size before relaxing)
 *fill*         0x00000000001141db        0x1 
 .rodata.str1.4
                0x00000000001141dc       0xc7 binaries/xsh_udpecho.o
                                        0x116 (size before relaxing)
 .rodata.str1.1
                0x00000000001142a3       0x66 binaries/xsh_udpeserver.o
                                         0x8f (size before relaxing)
 *fill*         0x0000000000114309        0x3 
 .rodata.str1.4
                0x000000000011430c       0x29 binaries/xsh_udpeserver.o
                                         0x9f (size before relaxing)
 .rodata.str1.1
                0x0000000000114335       0x49 binaries/xsh_uptime.o
                                         0x8c (size before relaxing)
 *fill*         0x000000000011437e        0x2 
 .rodata.str1.4
                0x0000000000114380       0x28 binaries/xsh_uptime.o
                                         0x76 (size before relaxing)
                0x00000000001143a8                etext = ABSOLUTE (.)
                0x0000000000115000                . = ALIGN (0x1000)
 *fill*         0x00000000001143a8      0xc58 

.eh_frame       0x0000000000115000     0x31d8
 .eh_frame      0x0000000000115000       0x38 binaries/appl1.o
 .eh_frame      0x0000000000115038       0x30 binaries/ascdate.o
                                         0x48 (size before relaxing)
 .eh_frame      0x0000000000115068       0x20 binaries/bufinit.o
                                         0x38 (size before relaxing)
 .eh_frame      0x0000000000115088       0x2c binaries/chprio.o
                                         0x44 (size before relaxing)
 .eh_frame      0x00000000001150b4       0x20 binaries/clkhandler.o
                                         0x38 (size before relaxing)
 .eh_frame      0x00000000001150d4       0x20 binaries/clkinit.o
                                         0x38 (size before relaxing)
 .eh_frame      0x00000000001150f4       0x28 binaries/close.o
                                         0x40 (size before relaxing)
 .eh_frame      0x000000000011511c       0x28 binaries/control.o
                                         0x40 (size before relaxing)
 .eh_frame      0x0000000000115144       0x2c binaries/cpubound.o
                                         0x44 (size before relaxing)
 .eh_frame      0x0000000000115170       0x20 binaries/cputest.o
                                         0x38 (size before relaxing)
 .eh_frame      0x0000000000115190       0x30 binaries/create.o
                                         0x48 (size before relaxing)
 .eh_frame      0x00000000001151c0       0x94 binaries/early_imr.o
                                         0xac (size before relaxing)
 .eh_frame      0x0000000000115254       0x94 binaries/evec.o
                                         0xac (size before relaxing)
 .eh_frame      0x00000000001152e8       0x2c binaries/freebuf.o
                                         0x44 (size before relaxing)
 .eh_frame      0x0000000000115314       0x2c binaries/freemem.o
                                         0x44 (size before relaxing)
 .eh_frame      0x0000000000115340       0x20 binaries/fun1.o
                                         0x38 (size before relaxing)
 .eh_frame      0x0000000000115360       0x2c binaries/getbuf.o
                                         0x44 (size before relaxing)
 .eh_frame      0x000000000011538c       0x28 binaries/getc.o
                                         0x40 (size before relaxing)
 .eh_frame      0x00000000001153b4       0x24 binaries/getcpuused.o
                                         0x3c (size before relaxing)
 .eh_frame      0x00000000001153d8       0x2c binaries/getdev.o
                                         0x44 (size before relaxing)
 .eh_frame      0x0000000000115404       0x64 binaries/getitem.o
                                         0x7c (size before relaxing)
 .eh_frame      0x0000000000115468       0x28 binaries/getmem.o
                                         0x40 (size before relaxing)
 .eh_frame      0x0000000000115490       0x20 binaries/getpid.o
                                         0x38 (size before relaxing)
 .eh_frame      0x00000000001154b0       0x24 binaries/getprio.o
                                         0x3c (size before relaxing)
 .eh_frame      0x00000000001154d4       0x2c binaries/getstk.o
                                         0x44 (size before relaxing)
 .eh_frame      0x0000000000115500       0x20 binaries/gettime.o
                                         0x38 (size before relaxing)
 .eh_frame      0x0000000000115520       0x24 binaries/getutime.o
                                         0x3c (size before relaxing)
 .eh_frame      0x0000000000115544       0x30 binaries/gocreate.o
                                         0x48 (size before relaxing)
 .eh_frame      0x0000000000115574       0x20 binaries/host2neta.o
                                         0x38 (size before relaxing)
 .eh_frame      0x0000000000115594       0x28 binaries/init.o
                                         0x40 (size before relaxing)
 .eh_frame      0x00000000001155bc       0x6c binaries/initialize.o
                                         0x84 (size before relaxing)
 .eh_frame      0x0000000000115628       0x28 binaries/insert.o
                                         0x40 (size before relaxing)
 .eh_frame      0x0000000000115650       0x2c binaries/insertd.o
                                         0x44 (size before relaxing)
 .eh_frame      0x000000000011567c       0x28 binaries/iobound.o
                                         0x40 (size before relaxing)
 .eh_frame      0x00000000001156a4       0x20 binaries/ioerr.o
                                         0x38 (size before relaxing)
 .eh_frame      0x00000000001156c4       0x20 binaries/ionull.o
                                         0x38 (size before relaxing)
 .eh_frame      0x00000000001156e4       0x20 binaries/iotest.o
                                         0x38 (size before relaxing)
 .eh_frame      0x0000000000115704       0x30 binaries/kill.o
                                         0x48 (size before relaxing)
 .eh_frame      0x0000000000115734       0x84 binaries/kprintf.o
                                         0x9c (size before relaxing)
 .eh_frame      0x00000000001157b8       0x2c binaries/main.o
                                         0x44 (size before relaxing)
 .eh_frame      0x00000000001157e4       0x44 binaries/mark.o
                                         0x5c (size before relaxing)
 .eh_frame      0x0000000000115828       0x50 binaries/meminit.o
                                         0x68 (size before relaxing)
 .eh_frame      0x0000000000115878       0x20 binaries/mixedtest.o
                                         0x38 (size before relaxing)
 .eh_frame      0x0000000000115898       0x30 binaries/mkbufpool.o
                                         0x48 (size before relaxing)
 .eh_frame      0x00000000001158c8       0x20 binaries/newqueue.o
                                         0x38 (size before relaxing)
 .eh_frame      0x00000000001158e8       0x1c binaries/onandon.o
                                         0x34 (size before relaxing)
 .eh_frame      0x0000000000115904       0x28 binaries/open.o
                                         0x40 (size before relaxing)
 .eh_frame      0x000000000011592c       0x1c binaries/panic.o
                                         0x34 (size before relaxing)
 .eh_frame      0x0000000000115948      0x12c binaries/pci.o
                                        0x144 (size before relaxing)
 .eh_frame      0x0000000000115a74       0x20 binaries/platinit.o
                                         0x38 (size before relaxing)
 .eh_frame      0x0000000000115a94       0x20 binaries/prnsegadd.o
                                         0x38 (size before relaxing)
 .eh_frame      0x0000000000115ab4       0x2c binaries/ptclear.o
                                         0x44 (size before relaxing)
 .eh_frame      0x0000000000115ae0       0x2c binaries/ptcount.o
                                         0x44 (size before relaxing)
 .eh_frame      0x0000000000115b0c       0x2c binaries/ptcreate.o
                                         0x44 (size before relaxing)
 .eh_frame      0x0000000000115b38       0x28 binaries/ptdelete.o
                                         0x40 (size before relaxing)
 .eh_frame      0x0000000000115b60       0x28 binaries/ptinit.o
                                         0x40 (size before relaxing)
 .eh_frame      0x0000000000115b88       0x2c binaries/ptrecv.o
                                         0x44 (size before relaxing)
 .eh_frame      0x0000000000115bb4       0x28 binaries/ptreset.o
                                         0x40 (size before relaxing)
 .eh_frame      0x0000000000115bdc       0x30 binaries/ptsend.o
                                         0x48 (size before relaxing)
 .eh_frame      0x0000000000115c0c       0x2c binaries/putc.o
                                         0x44 (size before relaxing)
 .eh_frame      0x0000000000115c38       0x24 binaries/quark_irq.o
                                         0x3c (size before relaxing)
 .eh_frame      0x0000000000115c5c       0x54 binaries/quark_pdat.o
                                         0x6c (size before relaxing)
 .eh_frame      0x0000000000115cb0       0x40 binaries/queue.o
                                         0x58 (size before relaxing)
 .eh_frame      0x0000000000115cf0       0x28 binaries/read.o
                                         0x40 (size before relaxing)
 .eh_frame      0x0000000000115d18       0x20 binaries/ready.o
                                         0x38 (size before relaxing)
 .eh_frame      0x0000000000115d38       0x2c binaries/receive.o
                                         0x44 (size before relaxing)
 .eh_frame      0x0000000000115d64       0x24 binaries/recvclr.o
                                         0x3c (size before relaxing)
 .eh_frame      0x0000000000115d88       0x2c binaries/recvtime.o
                                         0x44 (size before relaxing)
 .eh_frame      0x0000000000115db4       0x44 binaries/resched.o
                                         0x5c (size before relaxing)
 .eh_frame      0x0000000000115df8       0x2c binaries/resume.o
                                         0x44 (size before relaxing)
 .eh_frame      0x0000000000115e24       0x28 binaries/seek.o
                                         0x40 (size before relaxing)
 .eh_frame      0x0000000000115e4c       0x24 binaries/semcount.o
                                         0x3c (size before relaxing)
 .eh_frame      0x0000000000115e70       0x2c binaries/semcreate.o
                                         0x44 (size before relaxing)
 .eh_frame      0x0000000000115e9c       0x2c binaries/semdelete.o
                                         0x44 (size before relaxing)
 .eh_frame      0x0000000000115ec8       0x2c binaries/semreset.o
                                         0x44 (size before relaxing)
 .eh_frame      0x0000000000115ef4       0x28 binaries/send.o
                                         0x40 (size before relaxing)
 .eh_frame      0x0000000000115f1c       0x28 binaries/signal.o
                                         0x40 (size before relaxing)
 .eh_frame      0x0000000000115f44       0x2c binaries/signaln.o
                                         0x44 (size before relaxing)
 .eh_frame      0x0000000000115f70       0x48 binaries/sleep.o
                                         0x60 (size before relaxing)
 .eh_frame      0x0000000000115fb8       0x20 binaries/stackoverflowA.o
                                         0x38 (size before relaxing)
 .eh_frame      0x0000000000115fd8       0x1c binaries/stackoverflowB.o
                                         0x34 (size before relaxing)
 .eh_frame      0x0000000000115ff4       0x28 binaries/suspend.o
                                         0x40 (size before relaxing)
 .eh_frame      0x000000000011601c       0x20 binaries/testloop.o
                                         0x38 (size before relaxing)
 .eh_frame      0x000000000011603c       0x28 binaries/unsleep.o
                                         0x40 (size before relaxing)
 .eh_frame      0x0000000000116064       0x20 binaries/userret.o
                                         0x38 (size before relaxing)
 .eh_frame      0x0000000000116084       0x28 binaries/wait.o
                                         0x40 (size before relaxing)
 .eh_frame      0x00000000001160ac       0x20 binaries/wakeup.o
                                         0x38 (size before relaxing)
 .eh_frame      0x00000000001160cc       0x28 binaries/write.o
                                         0x40 (size before relaxing)
 .eh_frame      0x00000000001160f4       0x20 binaries/xdone.o
                                         0x38 (size before relaxing)
 .eh_frame      0x0000000000116114       0x24 binaries/xts_dequeue.o
                                         0x3c (size before relaxing)
 .eh_frame      0x0000000000116138       0x24 binaries/xts_enqueue.o
                                         0x3c (size before relaxing)
 .eh_frame      0x000000000011615c       0x20 binaries/xts_priochk.o
                                         0x38 (size before relaxing)
 .eh_frame      0x000000000011617c       0x24 binaries/yield.o
                                         0x3c (size before relaxing)
 .eh_frame      0x00000000001161a0       0x20 binaries/abs.o
                                         0x38 (size before relaxing)
 .eh_frame      0x00000000001161c0       0x28 binaries/atoi.o
                                         0x40 (size before relaxing)
 .eh_frame      0x00000000001161e8       0x28 binaries/atol.o
                                         0x40 (size before relaxing)
 .eh_frame      0x0000000000116210       0x20 binaries/bzero.o
                                         0x38 (size before relaxing)
 .eh_frame      0x0000000000116230       0xac binaries/doprnt.o
                                         0xc4 (size before relaxing)
 .eh_frame      0x00000000001162dc       0x30 binaries/doscan.o
                                         0x48 (size before relaxing)
 .eh_frame      0x000000000011630c       0x5c binaries/fdoprnt.o
                                         0x74 (size before relaxing)
 .eh_frame      0x0000000000116368       0x20 binaries/fgetc.o
                                         0x38 (size before relaxing)
 .eh_frame      0x0000000000116388       0x2c binaries/fgets.o
                                         0x44 (size before relaxing)
 .eh_frame      0x00000000001163b4       0x20 binaries/fprintf.o
                                         0x38 (size before relaxing)
 .eh_frame      0x00000000001163d4       0x20 binaries/fputc.o
                                         0x38 (size before relaxing)
 .eh_frame      0x00000000001163f4       0x28 binaries/fputs.o
                                         0x40 (size before relaxing)
 .eh_frame      0x000000000011641c       0x64 binaries/fscanf.o
                                         0x7c (size before relaxing)
 .eh_frame      0x0000000000116480       0x20 binaries/getchar.o
                                         0x38 (size before relaxing)
 .eh_frame      0x00000000001164a0       0x20 binaries/labs.o
                                         0x38 (size before relaxing)
 .eh_frame      0x00000000001164c0       0x20 binaries/memchr.o
                                         0x38 (size before relaxing)
 .eh_frame      0x00000000001164e0       0x28 binaries/memcmp.o
                                         0x40 (size before relaxing)
 .eh_frame      0x0000000000116508       0x28 binaries/memcpy.o
                                         0x40 (size before relaxing)
 .eh_frame      0x0000000000116530       0x24 binaries/memset.o
                                         0x3c (size before relaxing)
 .eh_frame      0x0000000000116554       0x20 binaries/printf.o
                                         0x38 (size before relaxing)
 .eh_frame      0x0000000000116574       0x20 binaries/putchar.o
                                         0x38 (size before relaxing)
 .eh_frame      0x0000000000116594       0xa4 binaries/qsort.o
                                         0xbc (size before relaxing)
 .eh_frame      0x0000000000116638       0x40 binaries/rand.o
                                         0x58 (size before relaxing)
 .eh_frame      0x0000000000116678       0x48 binaries/sprintf.o
                                         0x60 (size before relaxing)
 .eh_frame      0x00000000001166c0       0x60 binaries/sscanf.o
                                         0x78 (size before relaxing)
 .eh_frame      0x0000000000116720       0x24 binaries/strchr.o
                                         0x3c (size before relaxing)
 .eh_frame      0x0000000000116744       0x24 binaries/strcmp.o
                                         0x3c (size before relaxing)
 .eh_frame      0x0000000000116768       0x20 binaries/strcpy.o
                                         0x38 (size before relaxing)
 .eh_frame      0x0000000000116788       0x20 binaries/strlen.o
                                         0x38 (size before relaxing)
 .eh_frame      0x00000000001167a8       0x2c binaries/strncat.o
                                         0x44 (size before relaxing)
 .eh_frame      0x00000000001167d4       0x24 binaries/strncmp.o
                                         0x3c (size before relaxing)
 .eh_frame      0x00000000001167f8       0x2c binaries/strncpy.o
                                         0x44 (size before relaxing)
 .eh_frame      0x0000000000116824       0x24 binaries/strnlen.o
                                         0x3c (size before relaxing)
 .eh_frame      0x0000000000116848       0x24 binaries/strrchr.o
                                         0x3c (size before relaxing)
 .eh_frame      0x000000000011686c       0x2c binaries/strstr.o
                                         0x44 (size before relaxing)
 .eh_frame      0x0000000000116898       0x30 binaries/ttycontrol.o
                                         0x48 (size before relaxing)
 .eh_frame      0x00000000001168c8       0x2c binaries/ttygetc.o
                                         0x44 (size before relaxing)
 .eh_frame      0x00000000001168f4       0x84 binaries/ttyhandle_in.o
                                         0x9c (size before relaxing)
 .eh_frame      0x0000000000116978       0x30 binaries/ttyhandle_out.o
                                         0x48 (size before relaxing)
 .eh_frame      0x00000000001169a8       0x28 binaries/ttyhandler.o
                                         0x40 (size before relaxing)
 .eh_frame      0x00000000001169d0       0x30 binaries/ttyinit.o
                                         0x48 (size before relaxing)
 .eh_frame      0x0000000000116a00       0x20 binaries/ttykickout.o
                                         0x38 (size before relaxing)
 .eh_frame      0x0000000000116a20       0x2c binaries/ttyputc.o
                                         0x44 (size before relaxing)
 .eh_frame      0x0000000000116a4c       0x2c binaries/ttyread.o
                                         0x44 (size before relaxing)
 .eh_frame      0x0000000000116a78       0x2c binaries/ttywrite.o
                                         0x44 (size before relaxing)
 .eh_frame      0x0000000000116aa4       0x4c binaries/mount.o
                                         0x64 (size before relaxing)
 .eh_frame      0x0000000000116af0       0x30 binaries/naminit.o
                                         0x48 (size before relaxing)
 .eh_frame      0x0000000000116b20       0x84 binaries/nammap.o
                                         0x9c (size before relaxing)
 .eh_frame      0x0000000000116ba4       0x20 binaries/namopen.o
                                         0x38 (size before relaxing)
 .eh_frame      0x0000000000116bc4       0x2c binaries/colon2mac.o
                                         0x44 (size before relaxing)
 .eh_frame      0x0000000000116bf0       0x20 binaries/ethcontrol.o
                                         0x38 (size before relaxing)
 .eh_frame      0x0000000000116c10       0x30 binaries/ethhandler.o
                                         0x48 (size before relaxing)
 .eh_frame      0x0000000000116c40       0x98 binaries/ethinit.o
                                         0xb0 (size before relaxing)
 .eh_frame      0x0000000000116cd8       0x54 binaries/ethmcast.o
                                         0x6c (size before relaxing)
 .eh_frame      0x0000000000116d2c       0x30 binaries/ethread.o
                                         0x48 (size before relaxing)
 .eh_frame      0x0000000000116d5c       0x2c binaries/ethwrite.o
                                         0x44 (size before relaxing)
 .eh_frame      0x0000000000116d88       0x24 binaries/rdsbufalloc.o
                                         0x3c (size before relaxing)
 .eh_frame      0x0000000000116dac       0x2c binaries/rdsclose.o
                                         0x44 (size before relaxing)
 .eh_frame      0x0000000000116dd8       0x30 binaries/rdscomm.o
                                         0x48 (size before relaxing)
 .eh_frame      0x0000000000116e08       0x30 binaries/rdscontrol.o
                                         0x48 (size before relaxing)
 .eh_frame      0x0000000000116e38       0x30 binaries/rdsinit.o
                                         0x48 (size before relaxing)
 .eh_frame      0x0000000000116e68       0x30 binaries/rdsopen.o
                                         0x48 (size before relaxing)
 .eh_frame      0x0000000000116e98       0x20 binaries/rdsprocess.o
                                         0x38 (size before relaxing)
 .eh_frame      0x0000000000116eb8       0x30 binaries/rdsread.o
                                         0x48 (size before relaxing)
 .eh_frame      0x0000000000116ee8       0x30 binaries/rdswrite.o
                                         0x48 (size before relaxing)
 .eh_frame      0x0000000000116f18       0x20 binaries/ramclose.o
                                         0x38 (size before relaxing)
 .eh_frame      0x0000000000116f38       0x20 binaries/raminit.o
                                         0x38 (size before relaxing)
 .eh_frame      0x0000000000116f58       0x20 binaries/ramopen.o
                                         0x38 (size before relaxing)
 .eh_frame      0x0000000000116f78       0x20 binaries/ramread.o
                                         0x38 (size before relaxing)
 .eh_frame      0x0000000000116f98       0x20 binaries/ramwrite.o
                                         0x38 (size before relaxing)
 .eh_frame      0x0000000000116fb8       0x28 binaries/lfdballoc.o
                                         0x40 (size before relaxing)
 .eh_frame      0x0000000000116fe0       0x24 binaries/lfdbfree.o
                                         0x3c (size before relaxing)
 .eh_frame      0x0000000000117004       0x24 binaries/lfflush.o
                                         0x3c (size before relaxing)
 .eh_frame      0x0000000000117028       0x20 binaries/lfgetmode.o
                                         0x38 (size before relaxing)
 .eh_frame      0x0000000000117048       0x24 binaries/lfiballoc.o
                                         0x3c (size before relaxing)
 .eh_frame      0x000000000011706c       0x20 binaries/lfibclear.o
                                         0x38 (size before relaxing)
 .eh_frame      0x000000000011708c       0x2c binaries/lfibget.o
                                         0x44 (size before relaxing)
 .eh_frame      0x00000000001170b8       0x2c binaries/lfibput.o
                                         0x44 (size before relaxing)
 .eh_frame      0x00000000001170e4       0x28 binaries/lflclose.o
                                         0x40 (size before relaxing)
 .eh_frame      0x000000000011710c       0x2c binaries/lflcontrol.o
                                         0x44 (size before relaxing)
 .eh_frame      0x0000000000117138       0x28 binaries/lflgetc.o
                                         0x40 (size before relaxing)
 .eh_frame      0x0000000000117160       0x2c binaries/lflinit.o
                                         0x44 (size before relaxing)
 .eh_frame      0x000000000011718c       0x30 binaries/lflputc.o
                                         0x48 (size before relaxing)
 .eh_frame      0x00000000001171bc       0x2c binaries/lflread.o
                                         0x44 (size before relaxing)
 .eh_frame      0x00000000001171e8       0x2c binaries/lflseek.o
[...]
 .comment       0x0000000000000034       0x35 binaries/xsh_ping.o
 .comment       0x0000000000000034       0x35 binaries/xsh_ps.o
 .comment       0x0000000000000034       0x35 binaries/xsh_sleep.o
 .comment       0x0000000000000034       0x35 binaries/xsh_udpdump.o
 .comment       0x0000000000000034       0x35 binaries/xsh_udpecho.o
 .comment       0x0000000000000034       0x35 binaries/xsh_udpeserver.o
 .comment       0x0000000000000034       0x35 binaries/xsh_uptime.o
 .comment       0x0000000000000034       0x34 binaries/host2netca.o
                                         0x35 (size before relaxing)

.note.GNU-stack
                0x0000000000000000        0x0
 .note.GNU-stack
                0x0000000000000000        0x0 binaries/appl1.o
 .note.GNU-stack
                0x0000000000000000        0x0 binaries/ascdate.o
 .note.GNU-stack
                0x0000000000000000        0x0 binaries/bufinit.o
 .note.GNU-stack
                0x0000000000000000        0x0 binaries/chprio.o
 .note.GNU-stack
                0x0000000000000000        0x0 binaries/clkhandler.o
 .note.GNU-stack
                0x0000000000000000        0x0 binaries/clkinit.o
 .note.GNU-stack
                0x0000000000000000        0x0 binaries/close.o
 .note.GNU-stack
                0x0000000000000000        0x0 binaries/conf.o
 .note.GNU-stack
                0x0000000000000000        0x0 binaries/control.o
 .note.GNU-stack
                0x0000000000000000        0x0 binaries/cpubound.o
 .note.GNU-stack
                0x0000000000000000        0x0 binaries/cputest.o
 .note.GNU-stack
                0x0000000000000000        0x0 binaries/create.o
 .note.GNU-stack
                0x0000000000000000        0x0 binaries/early_imr.o
 .note.GNU-stack
                0x0000000000000000        0x0 binaries/evec.o
 .note.GNU-stack
                0x0000000000000000        0x0 binaries/freebuf.o
 .note.GNU-stack
                0x0000000000000000        0x0 binaries/freemem.o
 .note.GNU-stack
                0x0000000000000000        0x0 binaries/fun1.o
 .note.GNU-stack
                0x0000000000000000        0x0 binaries/getbuf.o
 .note.GNU-stack
                0x0000000000000000        0x0 binaries/getc.o
 .note.GNU-stack
                0x0000000000000000        0x0 binaries/getcpuused.o
 .note.GNU-stack
                0x0000000000000000        0x0 binaries/getdev.o
 .note.GNU-stack
                0x0000000000000000        0x0 binaries/getitem.o
 .note.GNU-stack
                0x0000000000000000        0x0 binaries/getmem.o
 .note.GNU-stack
                0x0000000000000000        0x0 binaries/getpid.o
 .note.GNU-stack
                0x0000000000000000        0x0 binaries/getprio.o
 .note.GNU-stack
                0x0000000000000000        0x0 binaries/getstk.o
 .note.GNU-stack
                0x0000000000000000        0x0 binaries/gettime.o
 .note.GNU-stack
                0x0000000000000000        0x0 binaries/getutime.o
 .note.GNU-stack
                0x0000000000000000        0x0 binaries/gocreate.o
 .note.GNU-stack
                0x0000000000000000        0x0 binaries/host2neta.o
 .note.GNU-stack
                0x0000000000000000        0x0 binaries/init.o
 .note.GNU-stack
                0x0000000000000000        0x0 binaries/initialize.o
 .note.GNU-stack
                0x0000000000000000        0x0 binaries/insert.o
 .note.GNU-stack
                0x0000000000000000        0x0 binaries/insertd.o
 .note.GNU-stack
                0x0000000000000000        0x0 binaries/iobound.o
 .note.GNU-stack
                0x0000000000000000        0x0 binaries/ioerr.o
 .note.GNU-stack
                0x0000000000000000        0x0 binaries/ionull.o
 .note.GNU-stack
                0x0000000000000000        0x0 binaries/iotest.o
 .note.GNU-stack
                0x0000000000000000        0x0 binaries/kill.o
 .note.GNU-stack
                0x0000000000000000        0x0 binaries/kprintf.o
 .note.GNU-stack
                0x0000000000000000        0x0 binaries/main.o
 .note.GNU-stack
                0x0000000000000000        0x0 binaries/mark.o
 .note.GNU-stack
                0x0000000000000000        0x0 binaries/meminit.o
 .note.GNU-stack
                0x0000000000000000        0x0 binaries/mixedtest.o
 .note.GNU-stack
                0x0000000000000000        0x0 binaries/mkbufpool.o
 .note.GNU-stack
                0x0000000000000000        0x0 binaries/newqueue.o
 .note.GNU-stack
                0x0000000000000000        0x0 binaries/onandon.o
 .note.GNU-stack
                0x0000000000000000        0x0 binaries/open.o
 .note.GNU-stack
                0x0000000000000000        0x0 binaries/panic.o
 .note.GNU-stack
                0x0000000000000000        0x0 binaries/pci.o
 .note.GNU-stack
                0x0000000000000000        0x0 binaries/platinit.o
 .note.GNU-stack
                0x0000000000000000        0x0 binaries/prnsegadd.o
 .note.GNU-stack
                0x0000000000000000        0x0 binaries/ptclear.o
 .note.GNU-stack
                0x0000000000000000        0x0 binaries/ptcount.o
 .note.GNU-stack
                0x0000000000000000        0x0 binaries/ptcreate.o
 .note.GNU-stack
                0x0000000000000000        0x0 binaries/ptdelete.o
 .note.GNU-stack
                0x0000000000000000        0x0 binaries/ptinit.o
 .note.GNU-stack
                0x0000000000000000        0x0 binaries/ptrecv.o
 .note.GNU-stack
                0x0000000000000000        0x0 binaries/ptreset.o
 .note.GNU-stack
                0x0000000000000000        0x0 binaries/ptsend.o
 .note.GNU-stack
                0x0000000000000000        0x0 binaries/putc.o
 .note.GNU-stack
                0x0000000000000000        0x0 binaries/quark_irq.o
 .note.GNU-stack
                0x0000000000000000        0x0 binaries/quark_pdat.o
 .note.GNU-stack
                0x0000000000000000        0x0 binaries/queue.o
 .note.GNU-stack
                0x0000000000000000        0x0 binaries/read.o
 .note.GNU-stack
                0x0000000000000000        0x0 binaries/ready.o
 .note.GNU-stack
                0x0000000000000000        0x0 binaries/receive.o
 .note.GNU-stack
                0x0000000000000000        0x0 binaries/recvclr.o
 .note.GNU-stack
                0x0000000000000000        0x0 binaries/recvtime.o
 .note.GNU-stack
                0x0000000000000000        0x0 binaries/resched.o
 .note.GNU-stack
                0x0000000000000000        0x0 binaries/resume.o
 .note.GNU-stack
                0x0000000000000000        0x0 binaries/seek.o
 .note.GNU-stack
                0x0000000000000000        0x0 binaries/semcount.o
 .note.GNU-stack
                0x0000000000000000        0x0 binaries/semcreate.o
 .note.GNU-stack
                0x0000000000000000        0x0 binaries/semdelete.o
 .note.GNU-stack
                0x0000000000000000        0x0 binaries/semreset.o
 .note.GNU-stack
                0x0000000000000000        0x0 binaries/send.o
 .note.GNU-stack
                0x0000000000000000        0x0 binaries/signal.o
 .note.GNU-stack
                0x0000000000000000        0x0 binaries/signaln.o
 .note.GNU-stack
                0x0000000000000000        0x0 binaries/sleep.o
 .note.GNU-stack
                0x0000000000000000        0x0 binaries/stackoverflowA.o
 .note.GNU-stack
                0x0000000000000000        0x0 binaries/stackoverflowB.o
 .note.GNU-stack
                0x0000000000000000        0x0 binaries/suspend.o
 .note.GNU-stack
                0x0000000000000000        0x0 binaries/testloop.o
 .note.GNU-stack
                0x0000000000000000        0x0 binaries/unsleep.o
 .note.GNU-stack
                0x0000000000000000        0x0 binaries/userret.o
 .note.GNU-stack
                0x0000000000000000        0x0 binaries/wait.o
 .note.GNU-stack
                0x0000000000000000        0x0 binaries/wakeup.o
 .note.GNU-stack
                0x0000000000000000        0x0 binaries/write.o
 .note.GNU-stack
                0x0000000000000000        0x0 binaries/xdone.o
 .note.GNU-stack
                0x0000000000000000        0x0 binaries/xts_dequeue.o
 .note.GNU-stack
                0x0000000000000000        0x0 binaries/xts_enqueue.o
 .note.GNU-stack
                0x0000000000000000        0x0 binaries/xts_priochk.o
 .note.GNU-stack
                0x0000000000000000        0x0 binaries/yield.o
 .note.GNU-stack
                0x0000000000000000        0x0 binaries/abs.o
 .note.GNU-stack
                0x0000000000000000        0x0 binaries/atoi.o
 .note.GNU-stack
                0x0000000000000000        0x0 binaries/atol.o
 .note.GNU-stack
                0x0000000000000000        0x0 binaries/bzero.o
 .note.GNU-stack
                0x0000000000000000        0x0 binaries/ctype_.o
 .note.GNU-stack
                0x0000000000000000        0x0 binaries/doprnt.o
 .note.GNU-stack
                0x0000000000000000        0x0 binaries/doscan.o
 .note.GNU-stack
                0x0000000000000000        0x0 binaries/fdoprnt.o
 .note.GNU-stack
                0x0000000000000000        0x0 binaries/fgetc.o
 .note.GNU-stack
                0x0000000000000000        0x0 binaries/fgets.o
 .note.GNU-stack
                0x0000000000000000        0x0 binaries/fprintf.o
 .note.GNU-stack
                0x0000000000000000        0x0 binaries/fputc.o
 .note.GNU-stack
                0x0000000000000000        0x0 binaries/fputs.o
 .note.GNU-stack
                0x0000000000000000        0x0 binaries/fscanf.o
 .note.GNU-stack
                0x0000000000000000        0x0 binaries/getchar.o
 .note.GNU-stack
                0x0000000000000000        0x0 binaries/labs.o
 .note.GNU-stack
                0x0000000000000000        0x0 binaries/memchr.o
 .note.GNU-stack
                0x0000000000000000        0x0 binaries/memcmp.o
 .note.GNU-stack
                0x0000000000000000        0x0 binaries/memcpy.o
 .note.GNU-stack
                0x0000000000000000        0x0 binaries/memset.o
 .note.GNU-stack
                0x0000000000000000        0x0 binaries/printf.o
 .note.GNU-stack
                0x0000000000000000        0x0 binaries/putchar.o
 .note.GNU-stack
                0x0000000000000000        0x0 binaries/qsort.o
 .note.GNU-stack
                0x0000000000000000        0x0 binaries/rand.o
 .note.GNU-stack
                0x0000000000000000        0x0 binaries/sprintf.o
 .note.GNU-stack
                0x0000000000000000        0x0 binaries/sscanf.o
 .note.GNU-stack
                0x0000000000000000        0x0 binaries/strchr.o
 .note.GNU-stack
                0x0000000000000000        0x0 binaries/strcmp.o
 .note.GNU-stack
                0x0000000000000000        0x0 binaries/strcpy.o
 .note.GNU-stack
                0x0000000000000000        0x0 binaries/strlen.o
 .note.GNU-stack
                0x0000000000000000        0x0 binaries/strncat.o
 .note.GNU-stack
                0x0000000000000000        0x0 binaries/strncmp.o
 .note.GNU-stack
                0x0000000000000000        0x0 binaries/strncpy.o
 .note.GNU-stack
                0x0000000000000000        0x0 binaries/strnlen.o
 .note.GNU-stack
                0x0000000000000000        0x0 binaries/strrchr.o
 .note.GNU-stack
                0x0000000000000000        0x0 binaries/strstr.o
 .note.GNU-stack
                0x0000000000000000        0x0 binaries/ttycontrol.o
 .note.GNU-stack
                0x0000000000000000        0x0 binaries/ttygetc.o
 .note.GNU-stack
                0x0000000000000000        0x0 binaries/ttyhandle_in.o
 .note.GNU-stack
                0x0000000000000000        0x0 binaries/ttyhandle_out.o
 .note.GNU-stack
                0x0000000000000000        0x0 binaries/ttyhandler.o
 .note.GNU-stack
                0x0000000000000000        0x0 binaries/ttyinit.o
 .note.GNU-stack
                0x0000000000000000        0x0 binaries/ttykickout.o
 .note.GNU-stack
                0x0000000000000000        0x0 binaries/ttyputc.o
 .note.GNU-stack
                0x0000000000000000        0x0 binaries/ttyread.o
 .note.GNU-stack
                0x0000000000000000        0x0 binaries/ttywrite.o
 .note.GNU-stack
                0x0000000000000000        0x0 binaries/mount.o
 .note.GNU-stack
                0x0000000000000000        0x0 binaries/naminit.o
 .note.GNU-stack
                0x0000000000000000        0x0 binaries/nammap.o
 .note.GNU-stack
                0x0000000000000000        0x0 binaries/namopen.o
 .note.GNU-stack
                0x0000000000000000        0x0 binaries/colon2mac.o
 .note.GNU-stack
                0x0000000000000000        0x0 binaries/ethcontrol.o
 .note.GNU-stack
                0x0000000000000000        0x0 binaries/ethhandler.o
 .note.GNU-stack
                0x0000000000000000        0x0 binaries/ethinit.o
 .note.GNU-stack
                0x0000000000000000        0x0 binaries/ethmcast.o
 .note.GNU-stack
                0x0000000000000000        0x0 binaries/ethread.o
 .note.GNU-stack
                0x0000000000000000        0x0 binaries/ethwrite.o
 .note.GNU-stack
                0x0000000000000000        0x0 binaries/rdsbufalloc.o
 .note.GNU-stack
                0x0000000000000000        0x0 binaries/rdsclose.o
 .note.GNU-stack
                0x0000000000000000        0x0 binaries/rdscomm.o
 .note.GNU-stack
                0x0000000000000000        0x0 binaries/rdscontrol.o
 .note.GNU-stack
                0x0000000000000000        0x0 binaries/rdsinit.o
 .note.GNU-stack
                0x0000000000000000        0x0 binaries/rdsopen.o
 .note.GNU-stack
                0x0000000000000000        0x0 binaries/rdsprocess.o
 .note.GNU-stack
                0x0000000000000000        0x0 binaries/rdsread.o
 .note.GNU-stack
                0x0000000000000000        0x0 binaries/rdswrite.o
 .note.GNU-stack
                0x0000000000000000        0x0 binaries/ramclose.o
 .note.GNU-stack
                0x0000000000000000        0x0 binaries/raminit.o
 .note.GNU-stack
                0x0000000000000000        0x0 binaries/ramopen.o
 .note.GNU-stack
                0x0000000000000000        0x0 binaries/ramread.o
 .note.GNU-stack
                0x0000000000000000        0x0 binaries/ramwrite.o
 .note.GNU-stack
                0x0000000000000000        0x0 binaries/lfdballoc.o
 .note.GNU-stack
                0x0000000000000000        0x0 binaries/lfdbfree.o
 .note.GNU-stack
                0x0000000000000000        0x0 binaries/lfflush.o
 .note.GNU-stack
                0x0000000000000000        0x0 binaries/lfgetmode.o
 .note.GNU-stack
                0x0000000000000000        0x0 binaries/lfiballoc.o
 .note.GNU-stack
                0x0000000000000000        0x0 binaries/lfibclear.o
 .note.GNU-stack
                0x0000000000000000        0x0 binaries/lfibget.o
 .note.GNU-stack
                0x0000000000000000        0x0 binaries/lfibput.o
 .note.GNU-stack
                0x0000000000000000        0x0 binaries/lflclose.o
 .note.GNU-stack
                0x0000000000000000        0x0 binaries/lflcontrol.o
 .note.GNU-stack
                0x0000000000000000        0x0 binaries/lflgetc.o
 .note.GNU-stack
                0x0000000000000000        0x0 binaries/lflinit.o
 .note.GNU-stack
                0x0000000000000000        0x0 binaries/lflputc.o
 .note.GNU-stack
                0x0000000000000000        0x0 binaries/lflread.o
 .note.GNU-stack
                0x0000000000000000        0x0 binaries/lflseek.o
 .note.GNU-stack
                0x0000000000000000        0x0 binaries/lflwrite.o
 .note.GNU-stack
                0x0000000000000000        0x0 binaries/lfsckfmt.o
 .note.GNU-stack
                0x0000000000000000        0x0 binaries/lfscreate.o
 .note.GNU-stack
                0x0000000000000000        0x0 binaries/lfsetup.o
 .note.GNU-stack
                0x0000000000000000        0x0 binaries/lfsinit.o
 .note.GNU-stack
                0x0000000000000000        0x0 binaries/lfsopen.o
 .note.GNU-stack
                0x0000000000000000        0x0 binaries/lftruncate.o
 .note.GNU-stack
                0x0000000000000000        0x0 binaries/rflclose.o
 .note.GNU-stack
                0x0000000000000000        0x0 binaries/rflgetc.o
 .note.GNU-stack
                0x0000000000000000        0x0 binaries/rflinit.o
 .note.GNU-stack
                0x0000000000000000        0x0 binaries/rflputc.o
 .note.GNU-stack
                0x0000000000000000        0x0 binaries/rflread.o
 .note.GNU-stack
                0x0000000000000000        0x0 binaries/rflseek.o
 .note.GNU-stack
                0x0000000000000000        0x0 binaries/rflwrite.o
 .note.GNU-stack
                0x0000000000000000        0x0 binaries/rfscomm.o
 .note.GNU-stack
                0x0000000000000000        0x0 binaries/rfscontrol.o
 .note.GNU-stack
                0x0000000000000000        0x0 binaries/rfsgetmode.o
 .note.GNU-stack
                0x0000000000000000        0x0 binaries/rfsinit.o
 .note.GNU-stack
                0x0000000000000000        0x0 binaries/rfsndmsg.o
 .note.GNU-stack
                0x0000000000000000        0x0 binaries/rfsopen.o
 .note.GNU-stack
                0x0000000000000000        0x0 binaries/arp.o
 .note.GNU-stack
                0x0000000000000000        0x0 binaries/dhcp.o
 .note.GNU-stack
                0x0000000000000000        0x0 binaries/dot2ip.o
 .note.GNU-stack
                0x0000000000000000        0x0 binaries/hexdump.o
 .note.GNU-stack
                0x0000000000000000        0x0 binaries/icmp.o
 .note.GNU-stack
                0x0000000000000000        0x0 binaries/ip.o
 .note.GNU-stack
                0x0000000000000000        0x0 binaries/net.o
 .note.GNU-stack
                0x0000000000000000        0x0 binaries/netstart.o
 .note.GNU-stack
                0x0000000000000000        0x0 binaries/pdump.o
 .note.GNU-stack
                0x0000000000000000        0x0 binaries/tftp.o
 .note.GNU-stack
                0x0000000000000000        0x0 binaries/udp.o
 .note.GNU-stack
                0x0000000000000000        0x0 binaries/addargs.o
 .note.GNU-stack
                0x0000000000000000        0x0 binaries/lexan.o
 .note.GNU-stack
                0x0000000000000000        0x0 binaries/shell.o
 .note.GNU-stack
                0x0000000000000000        0x0 binaries/xsh_argecho.o
 .note.GNU-stack
                0x0000000000000000        0x0 binaries/xsh_arp.o
 .note.GNU-stack
                0x0000000000000000        0x0 binaries/xsh_cat.o
 .note.GNU-stack
                0x0000000000000000        0x0 binaries/xsh_clear.o
 .note.GNU-stack
                0x0000000000000000        0x0 binaries/xsh_date.o
 .note.GNU-stack
                0x0000000000000000        0x0 binaries/xsh_devdump.o
 .note.GNU-stack
                0x0000000000000000        0x0 binaries/xsh_echo.o
 .note.GNU-stack
                0x0000000000000000        0x0 binaries/xsh_exit.o
 .note.GNU-stack
                0x0000000000000000        0x0 binaries/xsh_help.o
 .note.GNU-stack
                0x0000000000000000        0x0 binaries/xsh_ipaddr.o
 .note.GNU-stack
                0x0000000000000000        0x0 binaries/xsh_kill.o
 .note.GNU-stack
                0x0000000000000000        0x0 binaries/xsh_memdump.o
 .note.GNU-stack
                0x0000000000000000        0x0 binaries/xsh_memstat.o
 .note.GNU-stack
                0x0000000000000000        0x0 binaries/xsh_ping.o
 .note.GNU-stack
                0x0000000000000000        0x0 binaries/xsh_ps.o
 .note.GNU-stack
                0x0000000000000000        0x0 binaries/xsh_sleep.o
 .note.GNU-stack
                0x0000000000000000        0x0 binaries/xsh_udpdump.o
 .note.GNU-stack
                0x0000000000000000        0x0 binaries/xsh_udpecho.o
 .note.GNU-stack
                0x0000000000000000        0x0 binaries/xsh_udpeserver.o
 .note.GNU-stack
                0x0000000000000000        0x0 binaries/xsh_uptime.o
 .note.GNU-stack
                0x0000000000000000        0x0 binaries/host2netca.o
