
Allocating common symbols
Common symbol       size              file

netbufpool          0x4               binaries/net.o
readylist           0x2               binaries/ready.o
rfltab              0x5a0             binaries/rflinit.o
sleepq              0x2               binaries/clkinit.o
nnames              0x4               binaries/naminit.o
udptab              0x168             binaries/udp.o
minheap             0x4               binaries/meminit.o
marks               0x50              binaries/mark.o
currpid             0x4               binaries/initialize.o
Lf_data             0x20c             binaries/lfsinit.o
porttab             0x2d0             binaries/ptinit.o
girmask             0x2               binaries/evec.o
ttytab              0x10c             binaries/ttyinit.o
proctab             0x1900            binaries/initialize.o
prcount             0x4               binaries/initialize.o
lfltab              0xf00             binaries/lflinit.o
clkmilli            0x4               binaries/clkinit.o
rdstab              0x8c              binaries/rdsinit.o
ethertab            0x138             binaries/ethinit.o
NetData             0xa8              binaries/net.o
nmarks              0x4               binaries/mark.o
Defer               0x8               binaries/resched.o
semtab              0x4b0             binaries/initialize.o
maxheap             0x4               binaries/meminit.o
preempt             0x4               binaries/clkinit.o
buftab              0xf0              binaries/bufinit.o
Rf_data             0x18              binaries/rfsinit.o
mkmutex             0x4               binaries/mark.o
clktime             0x4               binaries/clkinit.o
arpcache            0x140             binaries/arp.o
icmptab             0x230             binaries/icmp.o
nbpools             0x4               binaries/bufinit.o
queuetab            0x980             binaries/queue.o
ptnextid            0x4               binaries/ptinit.o
Ram                 0x19000           binaries/raminit.o
ipoqueue            0x2c              binaries/ip.o
memlist             0x8               binaries/initialize.o
nametab             0x19a0            binaries/naminit.o
ptfree              0x4               binaries/ptinit.o

Memory Configuration

Name             Origin             Length             Attributes
*default*        0x0000000000000000 0xffffffffffffffff

Linker script and memory map

                0x0000000000100000                physbase = 0x100000
                0x0000000000100000                . = physbase
                0x0000000000100000                . = ALIGN (0x1000)

.text           0x0000000000100000    0x14000
                0x0000000000100000                text = ABSOLUTE (.)
 *(.text .text.*)
 .text          0x0000000000100000      0x1a8 binaries/start.o
                0x0000000000100024                start
                0x00000000001000f6                inb
                0x00000000001000fe                inw
                0x0000000000100107                inl
                0x000000000010010f                outb
                0x0000000000100119                outw
                0x0000000000100124                outl
                0x000000000010012e                _rtcin
                0x0000000000100139                ___udivsi3
                0x0000000000100144                ___divsi3
                0x0000000000100150                sbzero
                0x0000000000100160                bcopy
                0x0000000000100174                insw
                0x000000000010018a                outsw
                0x00000000001001a0                lidt
 .text          0x00000000001001a8       0x97 binaries/appl1.o
                0x00000000001001a8                appl1
 .text          0x000000000010023f      0x2bc binaries/ascdate.o
                0x000000000010023f                ascdate
 .text          0x00000000001004fb       0x14 binaries/bufinit.o
                0x00000000001004fb                bufinit
 .text          0x000000000010050f       0x62 binaries/chprio.o
                0x000000000010050f                chprio
 .text          0x0000000000100571       0x82 binaries/clkhandler.o
                0x0000000000100571                clkhandler
 .text          0x00000000001005f3       0x67 binaries/clkinit.o
                0x00000000001005f3                clkinit
 .text          0x000000000010065a       0x56 binaries/close.o
                0x000000000010065a                close
 .text          0x00000000001006b0        0x0 binaries/conf.o
 .text          0x00000000001006b0       0x5c binaries/control.o
                0x00000000001006b0                control
 .text          0x000000000010070c      0x223 binaries/create.o
                0x000000000010070c                create
 .text          0x000000000010092f      0x20e binaries/early_imr.o
                0x000000000010092f                intel_cln_early_sb_read_reg
                0x0000000000100986                intel_cln_early_sb_write_reg
                0x0000000000100a40                remove_irm_protections
 .text          0x0000000000100b3d      0x2e2 binaries/evec.o
                0x0000000000100b3d                setirmask
                0x0000000000100b75                set_evec
                0x0000000000100bd0                initevec
                0x0000000000100ca2                trap
 .text          0x0000000000100e1f       0x7f binaries/freebuf.o
                0x0000000000100e1f                freebuf
 .text          0x0000000000100e9e      0x108 binaries/freemem.o
                0x0000000000100e9e                freemem
 .text          0x0000000000100fa6       0x4c binaries/fun1.o
                0x0000000000100fa6                fun1
 .text          0x0000000000100ff2       0x6e binaries/getbuf.o
                0x0000000000100ff2                getbuf
 .text          0x0000000000101060       0x56 binaries/getc.o
                0x0000000000101060                getc
 .text          0x00000000001010b6       0x6f binaries/getcpuused.o
                0x00000000001010b6                getcputot
 .text          0x0000000000101125       0x69 binaries/getdev.o
                0x0000000000101125                getdev
 .text          0x000000000010118e       0x82 binaries/getitem.o
                0x000000000010118e                getitem
                0x00000000001011bd                getfirst
                0x00000000001011e4                getlast
 .text          0x0000000000101210       0xc2 binaries/getmem.o
                0x0000000000101210                getmem
 .text          0x00000000001012d2        0xa binaries/getpid.o
                0x00000000001012d2                getpid
 .text          0x00000000001012dc       0x54 binaries/getprio.o
                0x00000000001012dc                getprio
 .text          0x0000000000101330       0xab binaries/getstk.o
                0x0000000000101330                getstk
 .text          0x00000000001013db       0x32 binaries/gettime.o
                0x00000000001013db                gettime
 .text          0x000000000010140d      0x186 binaries/getutime.o
                0x000000000010140d                getutime
 .text          0x0000000000101593      0x222 binaries/gocreate.o
                0x0000000000101593                gocreate
 .text          0x00000000001017b5        0xa binaries/host2neta.o
                0x00000000001017b5                host2neta
 .text          0x00000000001017bf       0x56 binaries/init.o
                0x00000000001017bf                init
 .text          0x0000000000101815      0x1f7 binaries/initialize.o
                0x0000000000101815                nulluser
                0x00000000001019c2                stop
                0x00000000001019e6                delay
 .text          0x0000000000101a0c       0x98 binaries/insert.o
                0x0000000000101a0c                insert
 .text          0x0000000000101aa4       0xe8 binaries/insertd.o
                0x0000000000101aa4                insertd
 .text          0x0000000000101b8c        0xa binaries/ioerr.o
                0x0000000000101b8c                ioerr
 .text          0x0000000000101b96        0xa binaries/ionull.o
                0x0000000000101b96                ionull
 .text          0x0000000000101ba0      0x158 binaries/kill.o
                0x0000000000101ba0                kill
 .text          0x0000000000101cf8       0xa9 binaries/kprintf.o
                0x0000000000101cf8                kputc
                0x0000000000101d2a                console_init
                0x0000000000101d5d                kgetc
                0x0000000000101d83                kprintf
 .text          0x0000000000101da1      0x165 binaries/main.o
                0x0000000000101da1                main
 .text          0x0000000000101f06       0x99 binaries/mark.o
                0x0000000000101f06                markinit
                0x0000000000101f27                mark
 .text          0x0000000000101f9f      0x1cc binaries/meminit.o
                0x0000000000101f9f                meminit
                0x00000000001020f9                setsegs
 .text          0x000000000010216b      0x122 binaries/mkbufpool.o
                0x000000000010216b                mkbufpool
 .text          0x000000000010228d       0x63 binaries/newqueue.o
                0x000000000010228d                newqueue
 .text          0x00000000001022f0       0x23 binaries/onandon.o
                0x00000000001022f0                onandon
 .text          0x0000000000102313       0x5c binaries/open.o
                0x0000000000102313                open
 .text          0x000000000010236f       0x20 binaries/panic.o
                0x000000000010236f                panic
 .text          0x000000000010238f      0x282 binaries/pci.o
                0x000000000010238f                pci_init
                0x0000000000102399                find_pci_device
                0x0000000000102458                pci_read_config_byte
                0x0000000000102496                pci_read_config_word
                0x00000000001024d6                pci_read_config_dword
                0x0000000000102514                pci_write_config_byte
                0x0000000000102550                pci_write_config_word
                0x000000000010258d                pci_write_config_dword
                0x00000000001025c9                pci_get_dev_mmio_base_addr
 .text          0x0000000000102611       0x50 binaries/platinit.o
                0x0000000000102611                platinit
 .text          0x0000000000102661       0xa7 binaries/prnsegadd.o
                0x0000000000102661                prnsegadd
 .text          0x0000000000102708       0xa9 binaries/ptclear.o
                0x0000000000102708                _ptclear
 .text          0x00000000001027b1       0x85 binaries/ptcount.o
                0x00000000001027b1                ptcount
 .text          0x0000000000102836       0xea binaries/ptcreate.o
                0x0000000000102836                ptcreate
 .text          0x0000000000102920       0x63 binaries/ptdelete.o
                0x0000000000102920                ptdelete
 .text          0x0000000000102983       0x8b binaries/ptinit.o
                0x0000000000102983                ptinit
 .text          0x0000000000102a0e       0xf5 binaries/ptrecv.o
                0x0000000000102a0e                ptrecv
 .text          0x0000000000102b03       0x66 binaries/ptreset.o
                0x0000000000102b03                ptreset
 .text          0x0000000000102b69      0x115 binaries/ptsend.o
                0x0000000000102b69                ptsend
 .text          0x0000000000102c7e       0x64 binaries/putc.o
                0x0000000000102c7e                putc
 .text          0x0000000000102ce2       0xb3 binaries/quark_irq.o
                0x0000000000102ce2                quark_irq_routing
 .text          0x0000000000102d95      0x19c binaries/quark_pdat.o
                0x0000000000102d95                get_quark_pdat_entry_data_by_id
                0x0000000000102e60                get_quark_pdat_entry_data_by_desc
 .text          0x0000000000102f31       0xae binaries/queue.o
                0x0000000000102f31                enqueue
                0x0000000000102f94                dequeue
 .text          0x0000000000102fdf       0x5c binaries/read.o
                0x0000000000102fdf                read
 .text          0x000000000010303b       0x61 binaries/ready.o
                0x000000000010303b                ready
 .text          0x000000000010309c       0x5a binaries/receive.o
                0x000000000010309c                receive
 .text          0x00000000001030f6       0x42 binaries/recvclr.o
                0x00000000001030f6                recvclr
 .text          0x0000000000103138       0xad binaries/recvtime.o
                0x0000000000103138                recvtime
 .text          0x00000000001031e5      0x14f binaries/resched.o
                0x00000000001031e5                resched
                0x00000000001032c2                resched_cntl
 .text          0x0000000000103334       0x7e binaries/resume.o
                0x0000000000103334                resume
 .text          0x00000000001033b2       0x59 binaries/seek.o
                0x00000000001033b2                seek
 .text          0x000000000010340b       0x51 binaries/semcount.o
                0x000000000010340b                semcount
 .text          0x000000000010345c       0x8f binaries/semcreate.o
                0x000000000010345c                semcreate
 .text          0x00000000001034eb       0xcc binaries/semdelete.o
                0x00000000001034eb                semdelete
 .text          0x00000000001035b7       0xa8 binaries/semreset.o
                0x00000000001035b7                semreset
 .text          0x000000000010365f       0xb3 binaries/send.o
                0x000000000010365f                send
 .text          0x0000000000103712       0x95 binaries/signal.o
                0x0000000000103712                signal
 .text          0x00000000001037a7       0xba binaries/signaln.o
                0x00000000001037a7                signaln
 .text          0x0000000000103861       0xc0 binaries/sleep.o
                0x0000000000103861                sleepms
                0x00000000001038eb                sleep
 .text          0x0000000000103921        0xd binaries/stackoverflowA.o
                0x0000000000103921                stackoverflowA
 .text          0x000000000010392e       0x23 binaries/stackoverflowB.o
                0x000000000010392e                stackoverflowB
 .text          0x0000000000103951       0xac binaries/suspend.o
                0x0000000000103951                suspend
 .text          0x00000000001039fd       0x3a binaries/testloop.o
                0x00000000001039fd                testloop
 .text          0x0000000000103a37       0x91 binaries/unsleep.o
                0x0000000000103a37                unsleep
 .text          0x0000000000103ac8       0x19 binaries/userret.o
                0x0000000000103ac8                userret
 .text          0x0000000000103ae1       0xaa binaries/wait.o
                0x0000000000103ae1                wait
 .text          0x0000000000103b8b       0x71 binaries/wakeup.o
                0x0000000000103b8b                wakeup
 .text          0x0000000000103bfc       0x5c binaries/write.o
                0x0000000000103bfc                write
 .text          0x0000000000103c58       0x1a binaries/xdone.o
                0x0000000000103c58                xdone
 .text          0x0000000000103c72       0x26 binaries/yield.o
                0x0000000000103c72                yield
 .text          0x0000000000103c98       0x11 binaries/abs.o
                0x0000000000103c98                abs
 .text          0x0000000000103ca9       0x80 binaries/atoi.o
                0x0000000000103ca9                atoi
 .text          0x0000000000103d29       0x80 binaries/atol.o
                0x0000000000103d29                atol
 .text          0x0000000000103da9       0x1a binaries/bzero.o
                0x0000000000103da9                bzero
 .text          0x0000000000103dc3        0x0 binaries/ctype_.o
 .text          0x0000000000103dc3      0x6ad binaries/doprnt.o
                0x0000000000103f16                _doprnt
 .text          0x0000000000104470      0x5e5 binaries/doscan.o
                0x0000000000104470                _doscan
 .text          0x0000000000104a55      0x64e binaries/fdoprnt.o
                0x0000000000104ada                _fdoprnt
 .text          0x00000000001050a3       0x1c binaries/fgetc.o
                0x00000000001050a3                fgetc
 .text          0x00000000001050bf       0x5b binaries/fgets.o
                0x00000000001050bf                fgets
 .text          0x000000000010511a       0x21 binaries/fprintf.o
                0x000000000010511a                fprintf
 .text          0x000000000010513b       0x27 binaries/fputc.o
                0x000000000010513b                fputc
 .text          0x0000000000105162       0x3a binaries/fputs.o
                0x0000000000105162                fputs
 .text          0x000000000010519c       0x6a binaries/fscanf.o
                0x00000000001051da                fscanf
 .text          0x0000000000105206       0x1d binaries/getchar.o
                0x0000000000105206                getchar
 .text          0x0000000000105223       0x11 binaries/labs.o
                0x0000000000105223                labs
 .text          0x0000000000105234       0x36 binaries/memchr.o
                0x0000000000105234                memchr
 .text          0x000000000010526a       0x4a binaries/memcmp.o
                0x000000000010526a                memcmp
 .text          0x00000000001052b4       0x26 binaries/memcpy.o
                0x00000000001052b4                memcpy
 .text          0x00000000001052da       0x1f binaries/memset.o
                0x00000000001052da                memset
 .text          0x00000000001052f9       0x2e binaries/printf.o
                0x00000000001052f9                printf
 .text          0x0000000000105327       0x20 binaries/putchar.o
                0x0000000000105327                putchar
 .text          0x0000000000105347      0x1d0 binaries/qsort.o
                0x00000000001054ef                qsort
 .text          0x0000000000105517       0x4c binaries/rand.o
                0x0000000000105517                srand
                0x0000000000105524                rand
 .text          0x0000000000105563       0x48 binaries/sprintf.o
                0x000000000010557c                sprintf
 .text          0x00000000001055ab       0x5a binaries/sscanf.o
                0x00000000001055db                sscanf
 .text          0x0000000000105605       0x2f binaries/strchr.o
                0x0000000000105605                strchr
 .text          0x0000000000105634       0x45 binaries/strcmp.o
                0x0000000000105634                strcmp
 .text          0x0000000000105679       0x1c binaries/strcpy.o
                0x0000000000105679                strcpy
 .text          0x0000000000105695       0x20 binaries/strlen.o
                0x0000000000105695                strlen
 .text          0x00000000001056b5       0x3d binaries/strncat.o
                0x00000000001056b5                strncat
 .text          0x00000000001056f2       0x3b binaries/strncmp.o
                0x00000000001056f2                strncmp
 .text          0x000000000010572d       0x59 binaries/strncpy.o
                0x000000000010572d                strncpy
 .text          0x0000000000105786       0x38 binaries/strnlen.o
                0x0000000000105786                strnlen
 .text          0x00000000001057be       0x32 binaries/strrchr.o
                0x00000000001057be                strrchr
 .text          0x00000000001057f0       0x68 binaries/strstr.o
                0x00000000001057f0                strstr
 .text          0x0000000000105858      0x112 binaries/ttycontrol.o
                0x0000000000105858                ttycontrol
 .text          0x000000000010596a       0xb0 binaries/ttygetc.o
                0x000000000010596a                ttygetc
 .text          0x0000000000105a1a      0x4aa binaries/ttyhandle_in.o
                0x0000000000105ade                ttyhandle_in
 .text          0x0000000000105ec4      0x158 binaries/ttyhandle_out.o
                0x0000000000105ec4                ttyhandle_out
 .text          0x000000000010601c       0x85 binaries/ttyhandler.o
                0x000000000010601c                ttyhandler
 .text          0x00000000001060a1      0x15d binaries/ttyinit.o
                0x00000000001060a1                ttyinit
 .text          0x00000000001061fe        0xf binaries/ttykickout.o
                0x00000000001061fe                ttykickout
 .text          0x000000000010620d       0xb2 binaries/ttyputc.o
                0x000000000010620d                ttyputc
 .text          0x00000000001062bf       0xfd binaries/ttyread.o
                0x00000000001062bf                ttyread
 .text          0x00000000001063bc       0x4d binaries/ttywrite.o
                0x00000000001063bc                ttywrite
 .text          0x0000000000106409      0x129 binaries/mount.o
                0x0000000000106409                namlen
                0x0000000000106445                mount
 .text          0x0000000000106532      0x1c4 binaries/naminit.o
                0x0000000000106532                naminit
 .text          0x00000000001066f6      0x1fe binaries/nammap.o
                0x00000000001066f6                namrepl
                0x0000000000106819                namcpy
                0x0000000000106867                nammap
 .text          0x00000000001068f4       0x44 binaries/namopen.o
                0x00000000001068f4                namopen
 .text          0x0000000000106938       0xd8 binaries/colon2mac.o
                0x0000000000106938                colon2mac
 .text          0x0000000000106a10       0x7d binaries/ethcontrol.o
                0x0000000000106a10                ethcontrol
 .text          0x0000000000106a8d      0x16e binaries/ethhandler.o
                0x0000000000106a8d                ethhandler
 .text          0x0000000000106bfb      0x51d binaries/ethinit.o
                0x0000000000106bfb                eth_phy_read
                0x0000000000106c3b                eth_phy_write
                0x0000000000106c7c                eth_phy_reset
                0x0000000000106d56                ethinit
 .text          0x0000000000107118       0xef binaries/ethmcast.o
                0x0000000000107118                ethmcast_add
                0x0000000000107164                ethmcast_remove
 .text          0x0000000000107207      0x14c binaries/ethread.o
                0x0000000000107207                ethread
 .text          0x0000000000107353       0xc1 binaries/ethwrite.o
                0x0000000000107353                ethwrite
 .text          0x0000000000107414       0x68 binaries/rdsbufalloc.o
                0x0000000000107414                rdsbufalloc
 .text          0x000000000010747c       0xce binaries/rdsclose.o
                0x000000000010747c                rdsclose
 .text          0x000000000010754a      0x1e3 binaries/rdscomm.o
                0x000000000010754a                rdscomm
 .text          0x000000000010772d      0x1c4 binaries/rdscontrol.o
                0x000000000010772d                rdscontrol
 .text          0x00000000001078f1      0x1e3 binaries/rdsinit.o
                0x00000000001078f1                rdsinit
 .text          0x0000000000107ad4      0x199 binaries/rdsopen.o
                0x0000000000107ad4                rdsopen
 .text          0x0000000000107c6d      0x2b7 binaries/rdsprocess.o
                0x0000000000107c6d                rdsprocess
 .text          0x0000000000107f24      0x1d8 binaries/rdsread.o
                0x0000000000107f24                rdsread
 .text          0x00000000001080fc      0x1ae binaries/rdswrite.o
                0x00000000001080fc                rdswrite
 .text          0x00000000001082aa        0xa binaries/ramclose.o
                0x00000000001082aa                ramclose
 .text          0x00000000001082b4       0x35 binaries/raminit.o
                0x00000000001082b4                raminit
 .text          0x00000000001082e9        0xa binaries/ramopen.o
                0x00000000001082e9                ramopen
 .text          0x00000000001082f3       0x26 binaries/ramread.o
                0x00000000001082f3                ramread
 .text          0x0000000000108319       0x26 binaries/ramwrite.o
                0x0000000000108319                ramwrite
 .text          0x000000000010833f       0x87 binaries/lfdballoc.o
                0x000000000010833f                lfdballoc
 .text          0x00000000001083c6       0x49 binaries/lfdbfree.o
                0x00000000001083c6                lfdbfree
 .text          0x000000000010840f       0xa1 binaries/lfflush.o
                0x000000000010840f                lfflush
 .text          0x00000000001084b0       0x82 binaries/lfgetmode.o
                0x00000000001084b0                lfgetmode
 .text          0x0000000000108532       0x60 binaries/lfiballoc.o
                0x0000000000108532                lfiballoc
 .text          0x0000000000108592       0x27 binaries/lfibclear.o
                0x0000000000108592                lfibclear
 .text          0x00000000001085b9       0x6c binaries/lfibget.o
                0x00000000001085b9                lfibget
 .text          0x0000000000108625       0x88 binaries/lfibput.o
                0x0000000000108625                lfibput
 .text          0x00000000001086ad       0xa4 binaries/lflclose.o
                0x00000000001086ad                lflclose
 .text          0x0000000000108751       0xc2 binaries/lflcontrol.o
                0x0000000000108751                lflcontrol
 .text          0x0000000000108813       0xfb binaries/lflgetc.o
                0x0000000000108813                lflgetc
 .text          0x000000000010890e       0xe7 binaries/lflinit.o
                0x000000000010890e                lflinit
 .text          0x00000000001089f5      0x125 binaries/lflputc.o
                0x00000000001089f5                lflputc
 .text          0x0000000000108b1a       0x6b binaries/lflread.o
                0x0000000000108b1a                lflread
 .text          0x0000000000108b85       0xbd binaries/lflseek.o
                0x0000000000108b85                lflseek
 .text          0x0000000000108c42       0x52 binaries/lflwrite.o
                0x0000000000108c42                lflwrite
 .text          0x0000000000108c94      0x114 binaries/lfsckfmt.o
                0x0000000000108c94                lfsckfmt
 .text          0x0000000000108da8      0x1e6 binaries/lfscreate.o
                0x0000000000108da8                lfscreate
 .text          0x0000000000108f8e      0x1b1 binaries/lfsetup.o
                0x0000000000108f8e                lfsetup
 .text          0x000000000010913f       0x45 binaries/lfsinit.o
                0x000000000010913f                lfsinit
 .text          0x0000000000109184      0x2fe binaries/lfsopen.o
                0x0000000000109184                lfsopen
 .text          0x0000000000109482      0x112 binaries/lftruncate.o
                0x0000000000109482                lftruncate
 .text          0x0000000000109594       0x69 binaries/rflclose.o
                0x0000000000109594                rflclose
 .text          0x00000000001095fd       0x29 binaries/rflgetc.o
                0x00000000001095fd                rflgetc
 .text          0x0000000000109626       0x6c binaries/rflinit.o
                0x0000000000109626                rflinit
 .text          0x0000000000109692       0x29 binaries/rflputc.o
                0x0000000000109692                rflputc
 .text          0x00000000001096bb      0x2ba binaries/rflread.o
                0x00000000001096bb                rflread
 .text          0x0000000000109975       0x68 binaries/rflseek.o
                0x0000000000109975                rflseek
 .text          0x00000000001099dd      0x2fa binaries/rflwrite.o
                0x00000000001099dd                rflwrite
 .text          0x0000000000109cd7      0x17c binaries/rfscomm.o
                0x0000000000109cd7                rfscomm
 .text          0x0000000000109e53      0x22b binaries/rfscontrol.o
                0x0000000000109e53                rfscontrol
 .text          0x000000000010a07e       0x82 binaries/rfsgetmode.o
                0x000000000010a07e                rfsgetmode
 .text          0x000000000010a100       0x7e binaries/rfsinit.o
                0x000000000010a100                rfsinit
 .text          0x000000000010a17e       0xad binaries/rfsndmsg.o
                0x000000000010a17e                rfsndmsg
 .text          0x000000000010a22b      0x243 binaries/rfsopen.o
                0x000000000010a22b                rfsopen
 .text          0x000000000010a46e      0x626 binaries/arp.o
                0x000000000010a46e                arp_init
                0x000000000010a48a                arp_alloc
                0x000000000010a531                arp_ntoh
                0x000000000010a59e                arp_hton
                0x000000000010a60b                arp_resolve
                0x000000000010a85c                arp_in
 .text          0x000000000010aa94      0x5e3 binaries/dhcp.o
                0x000000000010aa94                dhcp_get_opt_val
                0x000000000010aae8                dhcp_bld_bootp_msg
                0x000000000010abba                dhcp_bld_disc
                0x000000000010ac0c                dhcp_bld_req
                0x000000000010aca7                getlocalip
 .text          0x000000000010b077       0xdf binaries/dot2ip.o
                0x000000000010b077                dot2ip
 .text          0x000000000010b156      0x38c binaries/hexdump.o
                0x000000000010b156                hexdump
                0x000000000010b2b0                hexadump
 .text          0x000000000010b4e2      0x6eb binaries/icmp.o
                0x000000000010b4e2                icmp_init
                0x000000000010b4fe                icmp_register
                0x000000000010b5bc                icmp_recv
                0x000000000010b75f                icmp_mkpkt
                0x000000000010b82c                icmp_in
                0x000000000010b9c4                icmp_send
                0x000000000010ba33                icmp_release
                0x000000000010bb45                icmp_cksum
                0x000000000010bb9f                icmp_hton
                0x000000000010bbb6                icmp_ntoh
 .text          0x000000000010bbcd      0x5dc binaries/ip.o
                0x000000000010bbcd                ip_local
                0x000000000010bc0d                ipcksum
                0x000000000010bc5d                ip_ntoh
                0x000000000010bcca                ip_in
                0x000000000010bdef                ip_hton
                0x000000000010be5c                ip_out
                0x000000000010bf12                ip_send
                0x000000000010c01e                ipout
                0x000000000010c111                ip_enqueue
 .text          0x000000000010c1a9      0x1b2 binaries/net.o
                0x000000000010c1a9                net_init
                0x000000000010c2a0                eth_hton
                0x000000000010c2ad                eth_ntoh
                0x000000000010c2ba                netin
 .text          0x000000000010c35b       0xb9 binaries/netstart.o
                0x000000000010c35b                netstart
 .text          0x000000000010c414      0xa30 binaries/pdump.o
                0x000000000010c414                pdump
                0x000000000010c9f9                pdumph
 .text          0x000000000010ce44      0x5c4 binaries/tftp.o
                0x000000000010ce44                tftp_send1
                0x000000000010cf58                tftpget_mb
                0x000000000010d3e5                tftpget
 .text          0x000000000010d408      0xa10 binaries/udp.o
                0x000000000010d408                udp_init
                0x000000000010d449                udp_in
                0x000000000010d572                udp_register
                0x000000000010d683                udp_recv
                0x000000000010d81d                udp_recvaddr
                0x000000000010d9cb                udp_send
                0x000000000010db79                udp_sendto
                0x000000000010dce2                udp_release
                0x000000000010ddea                udp_ntoh
                0x000000000010de01                udp_hton
 .text          0x000000000010de18      0x10e binaries/addargs.o
                0x000000000010de18                addargs
 .text          0x000000000010df26      0x1db binaries/lexan.o
                0x000000000010df26                lexan
 .text          0x000000000010e101      0x63d binaries/shell.o
                0x000000000010e101                shell
 .text          0x000000000010e73e       0x59 binaries/xsh_argecho.o
                0x000000000010e73e                xsh_argecho
 .text          0x000000000010e797      0x1fb binaries/xsh_arp.o
                0x000000000010e797                xsh_arp
 .text          0x000000000010e992      0x1db binaries/xsh_cat.o
                0x000000000010e992                xsh_cat
 .text          0x000000000010eb6d       0x4f binaries/xsh_clear.o
                0x000000000010eb6d                xsh_clear
 .text          0x000000000010ebbc      0x25d binaries/xsh_date.o
                0x000000000010ebbc                xsh_date
 .text          0x000000000010ee19       0x80 binaries/xsh_devdump.o
                0x000000000010ee19                xsh_devdump
 .text          0x000000000010ee99       0x63 binaries/xsh_echo.o
                0x000000000010ee99                xsh_echo
 .text          0x000000000010eefc        0xa binaries/xsh_exit.o
                0x000000000010eefc                xsh_exit
 .text          0x000000000010ef06      0x31f binaries/xsh_help.o
                0x000000000010ef06                xsh_help
 .text          0x000000000010f225      0x367 binaries/xsh_ipaddr.o
                0x000000000010f225                xsh_ipaddr
 .text          0x000000000010f58c      0x1aa binaries/xsh_kill.o
                0x000000000010f58c                xsh_kill
 .text          0x000000000010f736      0x3c0 binaries/xsh_memdump.o
                0x000000000010f7fc                xsh_memdump
 .text          0x000000000010faf6      0x1cc binaries/xsh_memstat.o
                0x000000000010faf6                xsh_memstat
 .text          0x000000000010fcc2      0x27f binaries/xsh_ping.o
                0x000000000010fcc2                xsh_ping
 .text          0x000000000010ff41      0x19c binaries/xsh_ps.o
                0x000000000010ff41                xsh_ps
 .text          0x00000000001100dd      0x1a3 binaries/xsh_sleep.o
                0x00000000001100dd                xsh_sleep
 .text          0x0000000000110280      0x1c4 binaries/xsh_udpdump.o
                0x0000000000110280                xsh_udpdump
 .text          0x0000000000110444      0x3ad binaries/xsh_udpecho.o
                0x0000000000110444                xsh_udpecho
 .text          0x00000000001107f1      0x1fc binaries/xsh_udpeserver.o
                0x00000000001107f1                xsh_udpeserver
 .text          0x00000000001109ed      0x1b0 binaries/xsh_uptime.o
                0x00000000001109ed                xsh_uptime
 .text          0x0000000000110b9d        0xe binaries/clkdisp.o
                0x0000000000110b9d                clkdisp
 .text          0x0000000000110bab       0x19 binaries/ctxsw.o
                0x0000000000110bab                ctxsw
 .text          0x0000000000110bc4       0x31 binaries/host2netca.o
                0x0000000000110bc4                host2netca
 .text          0x0000000000110bf5        0xa binaries/host2net.o
                0x0000000000110bf5                host2net
 .text          0x0000000000110bff      0x368 binaries/intr.o
                0x0000000000110bff                disable
                0x0000000000110c08                restore
                0x0000000000110c16                enable
                0x0000000000110c18                pause
                0x0000000000110c1f                halt
                0x0000000000110c22                spurious_irq7
                0x0000000000110c27                spurious_irq15
                0x0000000000110c36                _Xint0
                0x0000000000110c41                _Xint1
                0x0000000000110c4c                _Xint2
                0x0000000000110c57                _Xint3
                0x0000000000110c62                _Xint4
                0x0000000000110c6d                _Xint5
                0x0000000000110c78                _Xint6
                0x0000000000110c83                _Xint7
                0x0000000000110c8e                _Xint8
                0x0000000000110c99                _Xint9
                0x0000000000110ca4                _Xint10
                0x0000000000110caf                _Xint11
                0x0000000000110cbd                _Xint12
                0x0000000000110ccb                _Xint13
                0x0000000000110cd9                _Xint14
                0x0000000000110ce7                _Xint15
                0x0000000000110cf5                _Xint16
                0x0000000000110d03                _Xint17
                0x0000000000110d11                _Xint18
                0x0000000000110d1f                _Xint19
                0x0000000000110d2d                _Xint20
                0x0000000000110d3b                _Xint21
                0x0000000000110d49                _Xint22
                0x0000000000110d57                _Xint23
                0x0000000000110d65                _Xint24
                0x0000000000110d73                _Xint25
                0x0000000000110d81                _Xint26
                0x0000000000110d8f                _Xint27
                0x0000000000110d9d                _Xint28
                0x0000000000110dab                _Xint29
                0x0000000000110db9                _Xint30
                0x0000000000110dc7                _Xint31
                0x0000000000110dd5                _Xint32
                0x0000000000110de3                _Xint33
                0x0000000000110df1                _Xint34
                0x0000000000110dff                _Xint35
                0x0000000000110e0d                _Xint36
                0x0000000000110e1b                _Xint37
                0x0000000000110e29                _Xint38
                0x0000000000110e37                _Xint39
                0x0000000000110e45                _Xint40
                0x0000000000110e53                _Xint41
                0x0000000000110e61                _Xint42
                0x0000000000110e6f                _Xint43
                0x0000000000110e7d                _Xint44
                0x0000000000110e8b                _Xint45
                0x0000000000110e99                _Xint46
                0x0000000000110ea7                defevec
 .text          0x0000000000110f67        0xf binaries/ttydispatch.o
                0x0000000000110f67                ttydispatch
 .text          0x0000000000110f76       0x13 binaries/ethdispatch.o
                0x0000000000110f76                ethdispatch
 *(.rodata .rodata.*)
 *fill*         0x0000000000110f89        0x3 
 .rodata.str1.4
                0x0000000000110f8c       0xe6 binaries/appl1.o
 .rodata.str1.1
                0x0000000000111072       0x54 binaries/ascdate.o
 *fill*         0x00000000001110c6        0x2 
 .rodata.str1.4
                0x00000000001110c8       0x22 binaries/ascdate.o
 .rodata.str1.1
                0x00000000001110ea       0x5f binaries/conf.o
 *fill*         0x0000000000111149        0x3 
 .rodata.str1.4
                0x000000000011114c       0x4f binaries/early_imr.o
 *fill*         0x000000000011119b        0x1 
 .rodata        0x000000000011119c       0x33 binaries/early_imr.o
 .rodata.str1.1
                0x00000000001111cf      0x20c binaries/evec.o
 *fill*         0x00000000001113db        0x1 
 .rodata.str1.4
                0x00000000001113dc       0x23 binaries/evec.o
 *fill*         0x00000000001113ff        0x1 
 .rodata.str1.4
                0x0000000000111400       0x3a binaries/fun1.o
                                         0xa9 (size before relaxing)
 .rodata.str1.1
                0x000000000011143a        0xb binaries/getutime.o
 *fill*         0x0000000000111445        0x3 
 .rodata.str1.4
                0x0000000000111448       0x54 binaries/getutime.o
 .rodata.str1.1
                0x000000000011149c       0x34 binaries/initialize.o
                                         0x38 (size before relaxing)
 .rodata.str1.4
                0x00000000001114d0       0x90 binaries/initialize.o
 .rodata        0x0000000000111560       0x20 binaries/kill.o
 .rodata.str1.1
                0x0000000000111580       0x61 binaries/main.o
 *fill*         0x00000000001115e1        0x3 
 .rodata.str1.4
                0x00000000001115e4      0x17f binaries/main.o
 *fill*         0x0000000000111763        0x1 
 .rodata.str1.4
                0x0000000000111764       0x23 binaries/meminit.o
 .rodata.str1.1
                0x0000000000111787       0x1b binaries/meminit.o
 .rodata.str1.1
                0x00000000001117a2        0xf binaries/panic.o
 *fill*         0x00000000001117b1        0x3 
 .rodata.str1.4
                0x00000000001117b4       0x97 binaries/prnsegadd.o
 .rodata.str1.1
                0x000000000011184b       0x5f binaries/prnsegadd.o
 .rodata.str1.1
                0x00000000001118aa       0x1c binaries/ptinit.o
 *fill*         0x00000000001118c6        0x2 
 .rodata.str1.4
                0x00000000001118c8       0x25 binaries/ptsend.o
 .rodata.str1.1
                0x00000000001118ed       0x22 binaries/quark_pdat.o
 .rodata.str1.1
                0x000000000011190f       0x12 binaries/testloop.o
 *fill*         0x0000000000111921        0x3 
 .rodata.str1.4
                0x0000000000111924       0x27 binaries/xdone.o
 *fill*         0x000000000011194b       0x15 
 .rodata        0x0000000000111960       0x81 binaries/ctype_.o
                0x0000000000111960                _ctype_
 .rodata.str1.1
                0x00000000001119e1       0x29 binaries/doprnt.o
 *fill*         0x0000000000111a0a        0x2 
 .rodata        0x0000000000111a0c       0xc4 binaries/doprnt.o
 .rodata        0x0000000000111ad0       0x98 binaries/doscan.o
 .rodata.str1.1
                0x0000000000111b68       0x29 binaries/fdoprnt.o
 .rodata        0x0000000000111b68       0x84 binaries/fdoprnt.o
 .rodata        0x0000000000111bec       0x20 binaries/ttycontrol.o
 .rodata.str1.4
                0x0000000000111c0c       0x4c binaries/naminit.o
 .rodata.str1.1
                0x0000000000111c58       0x32 binaries/naminit.o
                                         0x35 (size before relaxing)
 .rodata.str1.1
                0x0000000000111c8a       0x15 binaries/ethinit.o
 *fill*         0x0000000000111c9f        0x1 
 .rodata.str1.4
                0x0000000000111ca0       0x2e binaries/ethinit.o
 *fill*         0x0000000000111cce        0x2 
 .rodata.str1.4
                0x0000000000111cd0       0x2c binaries/rdsbufalloc.o
 .rodata.str1.4
                0x0000000000111cfc       0x76 binaries/rdscomm.o
 *fill*         0x0000000000111d72        0x2 
 .rodata.str1.4
                0x0000000000111d74       0x48 binaries/rdscontrol.o
 .rodata.str1.4
                0x0000000000111dbc       0x7e binaries/rdsinit.o
 .rodata.str1.1
                0x0000000000111e3a       0x18 binaries/rdsinit.o
 *fill*         0x0000000000111e52        0x2 
 .rodata.str1.4
                0x0000000000111e54       0x22 binaries/rdsopen.o
 *fill*         0x0000000000111e76        0x2 
 .rodata.str1.4
                0x0000000000111e78       0x4d binaries/rdsprocess.o
 .rodata.str1.1
                0x0000000000111ec5        0x9 binaries/raminit.o
 .rodata.str1.1
                0x0000000000111ece       0x13 binaries/lfdballoc.o
 *fill*         0x0000000000111ee1        0x3 
 .rodata.str1.4
                0x0000000000111ee4       0x23 binaries/lfdballoc.o
 .rodata.str1.1
                0x0000000000111f07       0x14 binaries/lfiballoc.o
 *fill*         0x0000000000111f1b        0x1 
 .rodata.str1.4
                0x0000000000111f1c       0x23 binaries/lflcontrol.o
 .rodata.str1.1
                0x0000000000111f3f       0x64 binaries/lfsckfmt.o
 *fill*         0x0000000000111fa3        0x1 
 .rodata.str1.4
                0x0000000000111fa4       0x51 binaries/lfsckfmt.o
 *fill*         0x0000000000111ff5        0x3 
 .rodata.str1.4
                0x0000000000111ff8       0x21 binaries/rflread.o
 .rodata.str1.4
                0x0000000000112019       0x21 binaries/rflwrite.o
 *fill*         0x0000000000112019        0x3 
 .rodata.str1.4
                0x000000000011201c       0x75 binaries/rfscomm.o
 *fill*         0x0000000000112091        0x3 
 .rodata.str1.4
                0x0000000000112094       0x23 binaries/rfscontrol.o
 *fill*         0x00000000001120b7        0x1 
 .rodata        0x00000000001120b8       0x18 binaries/rfscontrol.o
 .rodata.str1.1
                0x00000000001120d0       0x10 binaries/rfsinit.o
 .rodata.str1.4
                0x00000000001120d0       0x57 binaries/rfsinit.o
 *fill*         0x0000000000112127        0x1 
 .rodata.str1.4
                0x0000000000112128       0x2a binaries/rfsndmsg.o
 .rodata.str1.4
                0x0000000000112152       0x22 binaries/rfsopen.o
 .rodata.str1.1
                0x0000000000112152       0x19 binaries/arp.o
 *fill*         0x000000000011216b        0x1 
 .rodata.str1.4
                0x000000000011216c       0x21 binaries/arp.o
 *fill*         0x000000000011218d        0x3 
 .rodata.str1.4
                0x0000000000112190       0xa6 binaries/dhcp.o
 .rodata.str1.1
                0x0000000000112236       0x4a binaries/dhcp.o
 .rodata.str1.1
                0x0000000000112280       0x5a binaries/hexdump.o
                                         0x61 (size before relaxing)
 *fill*         0x00000000001122da        0x2 
 .rodata.str1.4
                0x00000000001122dc       0x67 binaries/hexdump.o
 *fill*         0x0000000000112343        0x1 
 .rodata.str1.4
                0x0000000000112344       0x29 binaries/icmp.o
 .rodata.str1.1
                0x000000000011236d       0x4e binaries/ip.o
 *fill*         0x00000000001123bb        0x1 
 .rodata.str1.4
                0x00000000001123bc       0x20 binaries/ip.o
 .rodata.str1.4
                0x00000000001123dc       0x28 binaries/net.o
 .rodata.str1.1
                0x0000000000112404       0x27 binaries/net.o
 *fill*         0x000000000011242b        0x1 
 .rodata.str1.4
                0x000000000011242c       0xcf binaries/netstart.o
 .rodata.str1.1
                0x00000000001124fb      0x141 binaries/pdump.o
                                        0x14b (size before relaxing)
 .rodata.str1.4
                0x000000000011263c      0x126 binaries/pdump.o
 *fill*         0x0000000000112762        0x2 
 .rodata.str1.4
                0x0000000000112764      0x148 binaries/tftp.o
 .rodata.str1.1
                0x00000000001128ac        0x6 binaries/tftp.o
                                          0xa (size before relaxing)
 .rodata.str1.1
                0x00000000001128b2       0xe3 binaries/shell.o
                                         0xff (size before relaxing)
 *fill*         0x0000000000112995        0x3 
 .rodata.str1.4
                0x0000000000112998      0x1c4 binaries/shell.o
 *fill*         0x0000000000112b5c        0x4 
 .rodata        0x0000000000112b60       0xfc binaries/shell.o
                0x0000000000112b60                cmdtab
 .rodata.str1.1
                0x0000000000112c5c       0x26 binaries/xsh_argecho.o
                                         0x28 (size before relaxing)
 .rodata.str1.1
                0x0000000000112c82       0x70 binaries/xsh_arp.o
                                         0x72 (size before relaxing)
 *fill*         0x0000000000112cf2        0x2 
 .rodata.str1.4
                0x0000000000112cf4       0xb4 binaries/xsh_arp.o
 .rodata.str1.1
                0x0000000000112da8       0x2d binaries/xsh_cat.o
                                         0x4f (size before relaxing)
 *fill*         0x0000000000112dd5        0x3 
 .rodata.str1.4
                0x0000000000112dd8       0x52 binaries/xsh_cat.o
                                         0x79 (size before relaxing)
 .rodata.str1.1
                0x0000000000112e2a       0x15 binaries/xsh_clear.o
 .rodata.str1.1
                0x0000000000112e3f       0x46 binaries/xsh_date.o
                                         0x5f (size before relaxing)
 *fill*         0x0000000000112e85        0x3 
 .rodata.str1.4
                0x0000000000112e88      0x163 binaries/xsh_date.o
 .rodata.str1.1
                0x0000000000112feb       0x5d binaries/xsh_devdump.o
 .rodata.str1.1
                0x0000000000113048        0x4 binaries/xsh_echo.o
                                          0x9 (size before relaxing)
 .rodata.str1.1
                0x000000000011304c       0x65 binaries/xsh_help.o
                                         0xa3 (size before relaxing)
 *fill*         0x00000000001130b1        0x3 
 .rodata.str1.4
                0x00000000001130b4       0x7c binaries/xsh_help.o
                                         0xc6 (size before relaxing)
 .rodata.str1.1
                0x0000000000113130       0x9c binaries/xsh_ipaddr.o
                                         0xf8 (size before relaxing)
 .rodata.str1.4
                0x00000000001131cc       0x4d binaries/xsh_ipaddr.o
                                         0x99 (size before relaxing)
 .rodata.str1.1
                0x0000000000113219       0x78 binaries/xsh_kill.o
                                         0x97 (size before relaxing)
 *fill*         0x0000000000113291        0x3 
 .rodata.str1.4
                0x0000000000113294       0x4a binaries/xsh_kill.o
                                         0x96 (size before relaxing)
 .rodata.str1.1
                0x00000000001132de       0x84 binaries/xsh_memdump.o
                                         0xa8 (size before relaxing)
 *fill*         0x0000000000113362        0x2 
 .rodata.str1.4
                0x0000000000113364      0x15a binaries/xsh_memdump.o
                                        0x1aa (size before relaxing)
 .rodata.str1.1
                0x00000000001134be       0x40 binaries/xsh_memstat.o
                                         0x79 (size before relaxing)
 *fill*         0x00000000001134fe        0x2 
 .rodata.str1.4
                0x0000000000113500      0x187 binaries/xsh_memstat.o
                                        0x1af (size before relaxing)
 .rodata.str1.1
                0x0000000000113687       0x90 binaries/xsh_ping.o
                                         0xaf (size before relaxing)
 *fill*         0x0000000000113717        0x1 
 .rodata.str1.4
                0x0000000000113718       0x77 binaries/xsh_ping.o
                                         0xc6 (size before relaxing)
 .rodata.str1.1
                0x000000000011378f       0x74 binaries/xsh_ps.o
                                         0xd5 (size before relaxing)
 *fill*         0x0000000000113803        0x1 
 .rodata.str1.4
                0x0000000000113804       0x80 binaries/xsh_ps.o
                                         0xd0 (size before relaxing)
 *fill*         0x0000000000113884       0x1c 
 .rodata        0x00000000001138a0       0x20 binaries/xsh_ps.o
 .rodata.str1.1
                0x00000000001138c0       0x31 binaries/xsh_sleep.o
                                         0x72 (size before relaxing)
 *fill*         0x00000000001138f1        0x3 
 .rodata.str1.4
                0x00000000001138f4       0x2a binaries/xsh_sleep.o
                                         0x7a (size before relaxing)
 .rodata.str1.1
                0x000000000011391e       0x6b binaries/xsh_udpdump.o
                                         0xd2 (size before relaxing)
 *fill*         0x0000000000113989        0x3 
 .rodata.str1.4
                0x000000000011398c       0x94 binaries/xsh_udpdump.o
                                         0xe4 (size before relaxing)
 .rodata.str1.1
                0x0000000000113a20       0xdb binaries/xsh_udpecho.o
                                         0xfa (size before relaxing)
 *fill*         0x0000000000113afb        0x1 
 .rodata.str1.4
                0x0000000000113afc       0xc7 binaries/xsh_udpecho.o
                                        0x116 (size before relaxing)
 .rodata.str1.1
                0x0000000000113bc3       0x66 binaries/xsh_udpeserver.o
                                         0x8f (size before relaxing)
 *fill*         0x0000000000113c29        0x3 
 .rodata.str1.4
                0x0000000000113c2c       0x29 binaries/xsh_udpeserver.o
                                         0x9f (size before relaxing)
 .rodata.str1.1
                0x0000000000113c55       0x49 binaries/xsh_uptime.o
                                         0x8c (size before relaxing)
 *fill*         0x0000000000113c9e        0x2 
 .rodata.str1.4
                0x0000000000113ca0       0x28 binaries/xsh_uptime.o
                                         0x76 (size before relaxing)
                0x0000000000113cc8                etext = ABSOLUTE (.)
                0x0000000000114000                . = ALIGN (0x1000)
 *fill*         0x0000000000113cc8      0x338 

.eh_frame       0x0000000000114000     0x30bc
 .eh_frame      0x0000000000114000       0x38 binaries/appl1.o
 .eh_frame      0x0000000000114038       0x30 binaries/ascdate.o
                                         0x48 (size before relaxing)
 .eh_frame      0x0000000000114068       0x20 binaries/bufinit.o
                                         0x38 (size before relaxing)
 .eh_frame      0x0000000000114088       0x2c binaries/chprio.o
                                         0x44 (size before relaxing)
 .eh_frame      0x00000000001140b4       0x20 binaries/clkhandler.o
                                         0x38 (size before relaxing)
 .eh_frame      0x00000000001140d4       0x20 binaries/clkinit.o
                                         0x38 (size before relaxing)
 .eh_frame      0x00000000001140f4       0x28 binaries/close.o
                                         0x40 (size before relaxing)
 .eh_frame      0x000000000011411c       0x28 binaries/control.o
                                         0x40 (size before relaxing)
 .eh_frame      0x0000000000114144       0x30 binaries/create.o
                                         0x48 (size before relaxing)
 .eh_frame      0x0000000000114174       0x94 binaries/early_imr.o
                                         0xac (size before relaxing)
 .eh_frame      0x0000000000114208       0x94 binaries/evec.o
                                         0xac (size before relaxing)
 .eh_frame      0x000000000011429c       0x2c binaries/freebuf.o
                                         0x44 (size before relaxing)
 .eh_frame      0x00000000001142c8       0x2c binaries/freemem.o
                                         0x44 (size before relaxing)
 .eh_frame      0x00000000001142f4       0x20 binaries/fun1.o
                                         0x38 (size before relaxing)
 .eh_frame      0x0000000000114314       0x2c binaries/getbuf.o
                                         0x44 (size before relaxing)
 .eh_frame      0x0000000000114340       0x28 binaries/getc.o
                                         0x40 (size before relaxing)
 .eh_frame      0x0000000000114368       0x24 binaries/getcpuused.o
                                         0x3c (size before relaxing)
 .eh_frame      0x000000000011438c       0x2c binaries/getdev.o
                                         0x44 (size before relaxing)
 .eh_frame      0x00000000001143b8       0x64 binaries/getitem.o
                                         0x7c (size before relaxing)
 .eh_frame      0x000000000011441c       0x28 binaries/getmem.o
                                         0x40 (size before relaxing)
 .eh_frame      0x0000000000114444       0x20 binaries/getpid.o
                                         0x38 (size before relaxing)
 .eh_frame      0x0000000000114464       0x24 binaries/getprio.o
                                         0x3c (size before relaxing)
 .eh_frame      0x0000000000114488       0x2c binaries/getstk.o
                                         0x44 (size before relaxing)
 .eh_frame      0x00000000001144b4       0x20 binaries/gettime.o
                                         0x38 (size before relaxing)
 .eh_frame      0x00000000001144d4       0x24 binaries/getutime.o
                                         0x3c (size before relaxing)
 .eh_frame      0x00000000001144f8       0x30 binaries/gocreate.o
                                         0x48 (size before relaxing)
 .eh_frame      0x0000000000114528       0x20 binaries/host2neta.o
                                         0x38 (size before relaxing)
 .eh_frame      0x0000000000114548       0x28 binaries/init.o
                                         0x40 (size before relaxing)
 .eh_frame      0x0000000000114570       0x68 binaries/initialize.o
                                         0x80 (size before relaxing)
 .eh_frame      0x00000000001145d8       0x28 binaries/insert.o
                                         0x40 (size before relaxing)
 .eh_frame      0x0000000000114600       0x2c binaries/insertd.o
                                         0x44 (size before relaxing)
 .eh_frame      0x000000000011462c       0x20 binaries/ioerr.o
                                         0x38 (size before relaxing)
 .eh_frame      0x000000000011464c       0x20 binaries/ionull.o
                                         0x38 (size before relaxing)
 .eh_frame      0x000000000011466c       0x30 binaries/kill.o
                                         0x48 (size before relaxing)
 .eh_frame      0x000000000011469c       0x80 binaries/kprintf.o
                                         0x98 (size before relaxing)
 .eh_frame      0x000000000011471c       0x30 binaries/main.o
                                         0x48 (size before relaxing)
 .eh_frame      0x000000000011474c       0x44 binaries/mark.o
                                         0x5c (size before relaxing)
 .eh_frame      0x0000000000114790       0x50 binaries/meminit.o
                                         0x68 (size before relaxing)
 .eh_frame      0x00000000001147e0       0x30 binaries/mkbufpool.o
                                         0x48 (size before relaxing)
 .eh_frame      0x0000000000114810       0x20 binaries/newqueue.o
                                         0x38 (size before relaxing)
 .eh_frame      0x0000000000114830       0x1c binaries/onandon.o
                                         0x34 (size before relaxing)
 .eh_frame      0x000000000011484c       0x28 binaries/open.o
                                         0x40 (size before relaxing)
 .eh_frame      0x0000000000114874       0x1c binaries/panic.o
                                         0x34 (size before relaxing)
 .eh_frame      0x0000000000114890      0x12c binaries/pci.o
                                        0x144 (size before relaxing)
 .eh_frame      0x00000000001149bc       0x20 binaries/platinit.o
                                         0x38 (size before relaxing)
 .eh_frame      0x00000000001149dc       0x20 binaries/prnsegadd.o
                                         0x38 (size before relaxing)
 .eh_frame      0x00000000001149fc       0x2c binaries/ptclear.o
                                         0x44 (size before relaxing)
 .eh_frame      0x0000000000114a28       0x2c binaries/ptcount.o
                                         0x44 (size before relaxing)
 .eh_frame      0x0000000000114a54       0x2c binaries/ptcreate.o
                                         0x44 (size before relaxing)
 .eh_frame      0x0000000000114a80       0x28 binaries/ptdelete.o
                                         0x40 (size before relaxing)
 .eh_frame      0x0000000000114aa8       0x28 binaries/ptinit.o
                                         0x40 (size before relaxing)
 .eh_frame      0x0000000000114ad0       0x2c binaries/ptrecv.o
                                         0x44 (size before relaxing)
 .eh_frame      0x0000000000114afc       0x28 binaries/ptreset.o
                                         0x40 (size before relaxing)
 .eh_frame      0x0000000000114b24       0x30 binaries/ptsend.o
                                         0x48 (size before relaxing)
 .eh_frame      0x0000000000114b54       0x2c binaries/putc.o
                                         0x44 (size before relaxing)
 .eh_frame      0x0000000000114b80       0x24 binaries/quark_irq.o
                                         0x3c (size before relaxing)
 .eh_frame      0x0000000000114ba4       0x54 binaries/quark_pdat.o
                                         0x6c (size before relaxing)
 .eh_frame      0x0000000000114bf8       0x40 binaries/queue.o
                                         0x58 (size before relaxing)
 .eh_frame      0x0000000000114c38       0x28 binaries/read.o
                                         0x40 (size before relaxing)
 .eh_frame      0x0000000000114c60       0x20 binaries/ready.o
                                         0x38 (size before relaxing)
 .eh_frame      0x0000000000114c80       0x2c binaries/receive.o
                                         0x44 (size before relaxing)
 .eh_frame      0x0000000000114cac       0x24 binaries/recvclr.o
                                         0x3c (size before relaxing)
 .eh_frame      0x0000000000114cd0       0x2c binaries/recvtime.o
                                         0x44 (size before relaxing)
 .eh_frame      0x0000000000114cfc       0x48 binaries/resched.o
                                         0x60 (size before relaxing)
 .eh_frame      0x0000000000114d44       0x2c binaries/resume.o
                                         0x44 (size before relaxing)
 .eh_frame      0x0000000000114d70       0x28 binaries/seek.o
                                         0x40 (size before relaxing)
 .eh_frame      0x0000000000114d98       0x24 binaries/semcount.o
                                         0x3c (size before relaxing)
 .eh_frame      0x0000000000114dbc       0x2c binaries/semcreate.o
                                         0x44 (size before relaxing)
 .eh_frame      0x0000000000114de8       0x2c binaries/semdelete.o
                                         0x44 (size before relaxing)
 .eh_frame      0x0000000000114e14       0x2c binaries/semreset.o
                                         0x44 (size before relaxing)
 .eh_frame      0x0000000000114e40       0x28 binaries/send.o
                                         0x40 (size before relaxing)
 .eh_frame      0x0000000000114e68       0x28 binaries/signal.o
                                         0x40 (size before relaxing)
 .eh_frame      0x0000000000114e90       0x2c binaries/signaln.o
                                         0x44 (size before relaxing)
 .eh_frame      0x0000000000114ebc       0x48 binaries/sleep.o
                                         0x60 (size before relaxing)
 .eh_frame      0x0000000000114f04       0x20 binaries/stackoverflowA.o
                                         0x38 (size before relaxing)
 .eh_frame      0x0000000000114f24       0x1c binaries/stackoverflowB.o
                                         0x34 (size before relaxing)
 .eh_frame      0x0000000000114f40       0x28 binaries/suspend.o
                                         0x40 (size before relaxing)
 .eh_frame      0x0000000000114f68       0x20 binaries/testloop.o
                                         0x38 (size before relaxing)
 .eh_frame      0x0000000000114f88       0x28 binaries/unsleep.o
                                         0x40 (size before relaxing)
 .eh_frame      0x0000000000114fb0       0x20 binaries/userret.o
                                         0x38 (size before relaxing)
 .eh_frame      0x0000000000114fd0       0x28 binaries/wait.o
                                         0x40 (size before relaxing)
 .eh_frame      0x0000000000114ff8       0x20 binaries/wakeup.o
                                         0x38 (size before relaxing)
 .eh_frame      0x0000000000115018       0x28 binaries/write.o
                                         0x40 (size before relaxing)
 .eh_frame      0x0000000000115040       0x20 binaries/xdone.o
                                         0x38 (size before relaxing)
 .eh_frame      0x0000000000115060       0x24 binaries/yield.o
                                         0x3c (size before relaxing)
 .eh_frame      0x0000000000115084       0x20 binaries/abs.o
                                         0x38 (size before relaxing)
 .eh_frame      0x00000000001150a4       0x28 binaries/atoi.o
                                         0x40 (size before relaxing)
 .eh_frame      0x00000000001150cc       0x28 binaries/atol.o
                                         0x40 (size before relaxing)
 .eh_frame      0x00000000001150f4       0x20 binaries/bzero.o
                                         0x38 (size before relaxing)
 .eh_frame      0x0000000000115114       0xac binaries/doprnt.o
                                         0xc4 (size before relaxing)
 .eh_frame      0x00000000001151c0       0x30 binaries/doscan.o
                                         0x48 (size before relaxing)
 .eh_frame      0x00000000001151f0       0x5c binaries/fdoprnt.o
                                         0x74 (size before relaxing)
 .eh_frame      0x000000000011524c       0x20 binaries/fgetc.o
                                         0x38 (size before relaxing)
 .eh_frame      0x000000000011526c       0x2c binaries/fgets.o
                                         0x44 (size before relaxing)
 .eh_frame      0x0000000000115298       0x20 binaries/fprintf.o
                                         0x38 (size before relaxing)
 .eh_frame      0x00000000001152b8       0x20 binaries/fputc.o
                                         0x38 (size before relaxing)
 .eh_frame      0x00000000001152d8       0x28 binaries/fputs.o
                                         0x40 (size before relaxing)
 .eh_frame      0x0000000000115300       0x64 binaries/fscanf.o
                                         0x7c (size before relaxing)
 .eh_frame      0x0000000000115364       0x20 binaries/getchar.o
                                         0x38 (size before relaxing)
 .eh_frame      0x0000000000115384       0x20 binaries/labs.o
                                         0x38 (size before relaxing)
 .eh_frame      0x00000000001153a4       0x20 binaries/memchr.o
                                         0x38 (size before relaxing)
 .eh_frame      0x00000000001153c4       0x28 binaries/memcmp.o
                                         0x40 (size before relaxing)
 .eh_frame      0x00000000001153ec       0x28 binaries/memcpy.o
                                         0x40 (size before relaxing)
 .eh_frame      0x0000000000115414       0x24 binaries/memset.o
                                         0x3c (size before relaxing)
 .eh_frame      0x0000000000115438       0x20 binaries/printf.o
                                         0x38 (size before relaxing)
 .eh_frame      0x0000000000115458       0x20 binaries/putchar.o
                                         0x38 (size before relaxing)
 .eh_frame      0x0000000000115478       0xa4 binaries/qsort.o
                                         0xbc (size before relaxing)
 .eh_frame      0x000000000011551c       0x40 binaries/rand.o
                                         0x58 (size before relaxing)
 .eh_frame      0x000000000011555c       0x48 binaries/sprintf.o
                                         0x60 (size before relaxing)
 .eh_frame      0x00000000001155a4       0x60 binaries/sscanf.o
                                         0x78 (size before relaxing)
 .eh_frame      0x0000000000115604       0x24 binaries/strchr.o
                                         0x3c (size before relaxing)
 .eh_frame      0x0000000000115628       0x24 binaries/strcmp.o
                                         0x3c (size before relaxing)
 .eh_frame      0x000000000011564c       0x20 binaries/strcpy.o
                                         0x38 (size before relaxing)
 .eh_frame      0x000000000011566c       0x20 binaries/strlen.o
                                         0x38 (size before relaxing)
 .eh_frame      0x000000000011568c       0x2c binaries/strncat.o
                                         0x44 (size before relaxing)
 .eh_frame      0x00000000001156b8       0x24 binaries/strncmp.o
                                         0x3c (size before relaxing)
 .eh_frame      0x00000000001156dc       0x2c binaries/strncpy.o
                                         0x44 (size before relaxing)
 .eh_frame      0x0000000000115708       0x24 binaries/strnlen.o
                                         0x3c (size before relaxing)
 .eh_frame      0x000000000011572c       0x24 binaries/strrchr.o
                                         0x3c (size before relaxing)
 .eh_frame      0x0000000000115750       0x2c binaries/strstr.o
                                         0x44 (size before relaxing)
 .eh_frame      0x000000000011577c       0x30 binaries/ttycontrol.o
                                         0x48 (size before relaxing)
 .eh_frame      0x00000000001157ac       0x2c binaries/ttygetc.o
                                         0x44 (size before relaxing)
 .eh_frame      0x00000000001157d8       0x84 binaries/ttyhandle_in.o
                                         0x9c (size before relaxing)
 .eh_frame      0x000000000011585c       0x30 binaries/ttyhandle_out.o
                                         0x48 (size before relaxing)
 .eh_frame      0x000000000011588c       0x28 binaries/ttyhandler.o
                                         0x40 (size before relaxing)
 .eh_frame      0x00000000001158b4       0x30 binaries/ttyinit.o
                                         0x48 (size before relaxing)
 .eh_frame      0x00000000001158e4       0x20 binaries/ttykickout.o
                                         0x38 (size before relaxing)
 .eh_frame      0x0000000000115904       0x2c binaries/ttyputc.o
                                         0x44 (size before relaxing)
 .eh_frame      0x0000000000115930       0x2c binaries/ttyread.o
                                         0x44 (size before relaxing)
 .eh_frame      0x000000000011595c       0x2c binaries/ttywrite.o
                                         0x44 (size before relaxing)
 .eh_frame      0x0000000000115988       0x4c binaries/mount.o
                                         0x64 (size before relaxing)
 .eh_frame      0x00000000001159d4       0x30 binaries/naminit.o
                                         0x48 (size before relaxing)
 .eh_frame      0x0000000000115a04       0x84 binaries/nammap.o
                                         0x9c (size before relaxing)
 .eh_frame      0x0000000000115a88       0x20 binaries/namopen.o
                                         0x38 (size before relaxing)
 .eh_frame      0x0000000000115aa8       0x2c binaries/colon2mac.o
                                         0x44 (size before relaxing)
 .eh_frame      0x0000000000115ad4       0x20 binaries/ethcontrol.o
                                         0x38 (size before relaxing)
 .eh_frame      0x0000000000115af4       0x30 binaries/ethhandler.o
                                         0x48 (size before relaxing)
 .eh_frame      0x0000000000115b24       0x98 binaries/ethinit.o
                                         0xb0 (size before relaxing)
 .eh_frame      0x0000000000115bbc       0x54 binaries/ethmcast.o
                                         0x6c (size before relaxing)
 .eh_frame      0x0000000000115c10       0x30 binaries/ethread.o
                                         0x48 (size before relaxing)
 .eh_frame      0x0000000000115c40       0x2c binaries/ethwrite.o
                                         0x44 (size before relaxing)
 .eh_frame      0x0000000000115c6c       0x24 binaries/rdsbufalloc.o
                                         0x3c (size before relaxing)
 .eh_frame      0x0000000000115c90       0x2c binaries/rdsclose.o
                                         0x44 (size before relaxing)
 .eh_frame      0x0000000000115cbc       0x30 binaries/rdscomm.o
                                         0x48 (size before relaxing)
 .eh_frame      0x0000000000115cec       0x30 binaries/rdscontrol.o
                                         0x48 (size before relaxing)
 .eh_frame      0x0000000000115d1c       0x30 binaries/rdsinit.o
                                         0x48 (size before relaxing)
 .eh_frame      0x0000000000115d4c       0x30 binaries/rdsopen.o
                                         0x48 (size before relaxing)
 .eh_frame      0x0000000000115d7c       0x20 binaries/rdsprocess.o
                                         0x38 (size before relaxing)
 .eh_frame      0x0000000000115d9c       0x30 binaries/rdsread.o
                                         0x48 (size before relaxing)
 .eh_frame      0x0000000000115dcc       0x30 binaries/rdswrite.o
                                         0x48 (size before relaxing)
 .eh_frame      0x0000000000115dfc       0x20 binaries/ramclose.o
                                         0x38 (size before relaxing)
 .eh_frame      0x0000000000115e1c       0x20 binaries/raminit.o
                                         0x38 (size before relaxing)
 .eh_frame      0x0000000000115e3c       0x20 binaries/ramopen.o
                                         0x38 (size before relaxing)
 .eh_frame      0x0000000000115e5c       0x20 binaries/ramread.o
                                         0x38 (size before relaxing)
 .eh_frame      0x0000000000115e7c       0x20 binaries/ramwrite.o
                                         0x38 (size before relaxing)
 .eh_frame      0x0000000000115e9c       0x28 binaries/lfdballoc.o
                                         0x40 (size before relaxing)
 .eh_frame      0x0000000000115ec4       0x24 binaries/lfdbfree.o
                                         0x3c (size before relaxing)
 .eh_frame      0x0000000000115ee8       0x24 binaries/lfflush.o
                                         0x3c (size before relaxing)
 .eh_frame      0x0000000000115f0c       0x20 binaries/lfgetmode.o
                                         0x38 (size before relaxing)
 .eh_frame      0x0000000000115f2c       0x24 binaries/lfiballoc.o
                                         0x3c (size before relaxing)
 .eh_frame      0x0000000000115f50       0x20 binaries/lfibclear.o
                                         0x38 (size before relaxing)
 .eh_frame      0x0000000000115f70       0x2c binaries/lfibget.o
                                         0x44 (size before relaxing)
 .eh_frame      0x0000000000115f9c       0x2c binaries/lfibput.o
                                         0x44 (size before relaxing)
 .eh_frame      0x0000000000115fc8       0x28 binaries/lflclose.o
                                         0x40 (size before relaxing)
 .eh_frame      0x0000000000115ff0       0x2c binaries/lflcontrol.o
                                         0x44 (size before relaxing)
 .eh_frame      0x000000000011601c       0x28 binaries/lflgetc.o
                                         0x40 (size before relaxing)
 .eh_frame      0x0000000000116044       0x2c binaries/lflinit.o
                                         0x44 (size before relaxing)
 .eh_frame      0x0000000000116070       0x30 binaries/lflputc.o
                                         0x48 (size before relaxing)
 .eh_frame      0x00000000001160a0       0x2c binaries/lflread.o
                                         0x44 (size before relaxing)
 .eh_frame      0x00000000001160cc       0x2c binaries/lflseek.o
                                         0x44 (size before relaxing)
 .eh_frame      0x00000000001160f8       0x2c binaries/lflwrite.o
                                         0x44 (size before relaxing)
 .eh_frame      0x0000000000116124       0x30 binaries/lfsckfmt.o
                                         0x48 (size before relaxing)
 .eh_frame      0x0000000000116154       0x30 binaries/lfscreate.o
                                         0x48 (size before relaxing)
 .eh_frame      0x0000000000116184       0x30 binaries/lfsetup.o
                                         0x48 (size before relaxing)
 .eh_frame      0x00000000001161b4       0x20 binaries/lfsinit.o
                                         0x38 (size before relaxing)
 .eh_frame      0x00000000001161d4       0x30 binaries/lfsopen.o
                                         0x48 (size before relaxing)
 .eh_frame      0x0000000000116204       0x30 binaries/lftruncate.o
                                         0x48 (size before relaxing)
 .eh_frame      0x0000000000116234       0x20 binaries/rflclose.o
                                         0x38 (size before relaxing)
 .eh_frame      0x0000000000116254       0x20 binaries/rflgetc.o
                                         0x38 (size before relaxing)
 .eh_frame      0x0000000000116274       0x24 binaries/rflinit.o
                                         0x3c (size before relaxing)
 .eh_frame      0x0000000000116298       0x20 binaries/rflputc.o
                                         0x38 (size before relaxing)
 .eh_frame      0x00000000001162b8       0x30 binaries/rflread.o
                                         0x48 (size before relaxing)
 .eh_frame      0x00000000001162e8       0x20 binaries/rflseek.o
                                         0x38 (size before relaxing)
 .eh_frame      0x0000000000116308       0x30 binaries/rflwrite.o
                                         0x48 (size before relaxing)
 .eh_frame      0x0000000000116338       0x30 binaries/rfscomm.o
                                         0x48 (size before relaxing)
 .eh_frame      0x0000000000116368       0x2c binaries/rfscontrol.o
                                         0x44 (size before relaxing)
 .eh_frame      0x0000000000116394       0x20 binaries/rfsgetmode.o
                                         0x38 (size before relaxing)
 .eh_frame      0x00000000001163b4       0x20 binaries/rfsinit.o
                                         0x38 (size before relaxing)
 .eh_frame      0x00000000001163d4       0x20 binaries/rfsndmsg.o
                                         0x38 (size before relaxing)
 .eh_frame      0x00000000001163f4       0x2c binaries/rfsopen.o
[...]
 .comment       0x0000000000000034       0x35 binaries/xsh_clear.o
 .comment       0x0000000000000034       0x35 binaries/xsh_date.o
 .comment       0x0000000000000034       0x35 binaries/xsh_devdump.o
 .comment       0x0000000000000034       0x35 binaries/xsh_echo.o
 .comment       0x0000000000000034       0x35 binaries/xsh_exit.o
 .comment       0x0000000000000034       0x35 binaries/xsh_help.o
 .comment       0x0000000000000034       0x35 binaries/xsh_ipaddr.o
 .comment       0x0000000000000034       0x35 binaries/xsh_kill.o
 .comment       0x0000000000000034       0x35 binaries/xsh_memdump.o
 .comment       0x0000000000000034       0x35 binaries/xsh_memstat.o
 .comment       0x0000000000000034       0x35 binaries/xsh_ping.o
 .comment       0x0000000000000034       0x35 binaries/xsh_ps.o
 .comment       0x0000000000000034       0x35 binaries/xsh_sleep.o
 .comment       0x0000000000000034       0x35 binaries/xsh_udpdump.o
 .comment       0x0000000000000034       0x35 binaries/xsh_udpecho.o
 .comment       0x0000000000000034       0x35 binaries/xsh_udpeserver.o
 .comment       0x0000000000000034       0x35 binaries/xsh_uptime.o
 .comment       0x0000000000000034       0x34 binaries/host2netca.o
                                         0x35 (size before relaxing)

.note.GNU-stack
                0x0000000000000000        0x0
 .note.GNU-stack
                0x0000000000000000        0x0 binaries/appl1.o
 .note.GNU-stack
                0x0000000000000000        0x0 binaries/ascdate.o
 .note.GNU-stack
                0x0000000000000000        0x0 binaries/bufinit.o
 .note.GNU-stack
                0x0000000000000000        0x0 binaries/chprio.o
 .note.GNU-stack
                0x0000000000000000        0x0 binaries/clkhandler.o
 .note.GNU-stack
                0x0000000000000000        0x0 binaries/clkinit.o
 .note.GNU-stack
                0x0000000000000000        0x0 binaries/close.o
 .note.GNU-stack
                0x0000000000000000        0x0 binaries/conf.o
 .note.GNU-stack
                0x0000000000000000        0x0 binaries/control.o
 .note.GNU-stack
                0x0000000000000000        0x0 binaries/create.o
 .note.GNU-stack
                0x0000000000000000        0x0 binaries/early_imr.o
 .note.GNU-stack
                0x0000000000000000        0x0 binaries/evec.o
 .note.GNU-stack
                0x0000000000000000        0x0 binaries/freebuf.o
 .note.GNU-stack
                0x0000000000000000        0x0 binaries/freemem.o
 .note.GNU-stack
                0x0000000000000000        0x0 binaries/fun1.o
 .note.GNU-stack
                0x0000000000000000        0x0 binaries/getbuf.o
 .note.GNU-stack
                0x0000000000000000        0x0 binaries/getc.o
 .note.GNU-stack
                0x0000000000000000        0x0 binaries/getcpuused.o
 .note.GNU-stack
                0x0000000000000000        0x0 binaries/getdev.o
 .note.GNU-stack
                0x0000000000000000        0x0 binaries/getitem.o
 .note.GNU-stack
                0x0000000000000000        0x0 binaries/getmem.o
 .note.GNU-stack
                0x0000000000000000        0x0 binaries/getpid.o
 .note.GNU-stack
                0x0000000000000000        0x0 binaries/getprio.o
 .note.GNU-stack
                0x0000000000000000        0x0 binaries/getstk.o
 .note.GNU-stack
                0x0000000000000000        0x0 binaries/gettime.o
 .note.GNU-stack
                0x0000000000000000        0x0 binaries/getutime.o
 .note.GNU-stack
                0x0000000000000000        0x0 binaries/gocreate.o
 .note.GNU-stack
                0x0000000000000000        0x0 binaries/host2neta.o
 .note.GNU-stack
                0x0000000000000000        0x0 binaries/init.o
 .note.GNU-stack
                0x0000000000000000        0x0 binaries/initialize.o
 .note.GNU-stack
                0x0000000000000000        0x0 binaries/insert.o
 .note.GNU-stack
                0x0000000000000000        0x0 binaries/insertd.o
 .note.GNU-stack
                0x0000000000000000        0x0 binaries/ioerr.o
 .note.GNU-stack
                0x0000000000000000        0x0 binaries/ionull.o
 .note.GNU-stack
                0x0000000000000000        0x0 binaries/kill.o
 .note.GNU-stack
                0x0000000000000000        0x0 binaries/kprintf.o
 .note.GNU-stack
                0x0000000000000000        0x0 binaries/main.o
 .note.GNU-stack
                0x0000000000000000        0x0 binaries/mark.o
 .note.GNU-stack
                0x0000000000000000        0x0 binaries/meminit.o
 .note.GNU-stack
                0x0000000000000000        0x0 binaries/mkbufpool.o
 .note.GNU-stack
                0x0000000000000000        0x0 binaries/newqueue.o
 .note.GNU-stack
                0x0000000000000000        0x0 binaries/onandon.o
 .note.GNU-stack
                0x0000000000000000        0x0 binaries/open.o
 .note.GNU-stack
                0x0000000000000000        0x0 binaries/panic.o
 .note.GNU-stack
                0x0000000000000000        0x0 binaries/pci.o
 .note.GNU-stack
                0x0000000000000000        0x0 binaries/platinit.o
 .note.GNU-stack
                0x0000000000000000        0x0 binaries/prnsegadd.o
 .note.GNU-stack
                0x0000000000000000        0x0 binaries/ptclear.o
 .note.GNU-stack
                0x0000000000000000        0x0 binaries/ptcount.o
 .note.GNU-stack
                0x0000000000000000        0x0 binaries/ptcreate.o
 .note.GNU-stack
                0x0000000000000000        0x0 binaries/ptdelete.o
 .note.GNU-stack
                0x0000000000000000        0x0 binaries/ptinit.o
 .note.GNU-stack
                0x0000000000000000        0x0 binaries/ptrecv.o
 .note.GNU-stack
                0x0000000000000000        0x0 binaries/ptreset.o
 .note.GNU-stack
                0x0000000000000000        0x0 binaries/ptsend.o
 .note.GNU-stack
                0x0000000000000000        0x0 binaries/putc.o
 .note.GNU-stack
                0x0000000000000000        0x0 binaries/quark_irq.o
 .note.GNU-stack
                0x0000000000000000        0x0 binaries/quark_pdat.o
 .note.GNU-stack
                0x0000000000000000        0x0 binaries/queue.o
 .note.GNU-stack
                0x0000000000000000        0x0 binaries/read.o
 .note.GNU-stack
                0x0000000000000000        0x0 binaries/ready.o
 .note.GNU-stack
                0x0000000000000000        0x0 binaries/receive.o
 .note.GNU-stack
                0x0000000000000000        0x0 binaries/recvclr.o
 .note.GNU-stack
                0x0000000000000000        0x0 binaries/recvtime.o
 .note.GNU-stack
                0x0000000000000000        0x0 binaries/resched.o
 .note.GNU-stack
                0x0000000000000000        0x0 binaries/resume.o
 .note.GNU-stack
                0x0000000000000000        0x0 binaries/seek.o
 .note.GNU-stack
                0x0000000000000000        0x0 binaries/semcount.o
 .note.GNU-stack
                0x0000000000000000        0x0 binaries/semcreate.o
 .note.GNU-stack
                0x0000000000000000        0x0 binaries/semdelete.o
 .note.GNU-stack
                0x0000000000000000        0x0 binaries/semreset.o
 .note.GNU-stack
                0x0000000000000000        0x0 binaries/send.o
 .note.GNU-stack
                0x0000000000000000        0x0 binaries/signal.o
 .note.GNU-stack
                0x0000000000000000        0x0 binaries/signaln.o
 .note.GNU-stack
                0x0000000000000000        0x0 binaries/sleep.o
 .note.GNU-stack
                0x0000000000000000        0x0 binaries/stackoverflowA.o
 .note.GNU-stack
                0x0000000000000000        0x0 binaries/stackoverflowB.o
 .note.GNU-stack
                0x0000000000000000        0x0 binaries/suspend.o
 .note.GNU-stack
                0x0000000000000000        0x0 binaries/testloop.o
 .note.GNU-stack
                0x0000000000000000        0x0 binaries/unsleep.o
 .note.GNU-stack
                0x0000000000000000        0x0 binaries/userret.o
 .note.GNU-stack
                0x0000000000000000        0x0 binaries/wait.o
 .note.GNU-stack
                0x0000000000000000        0x0 binaries/wakeup.o
 .note.GNU-stack
                0x0000000000000000        0x0 binaries/write.o
 .note.GNU-stack
                0x0000000000000000        0x0 binaries/xdone.o
 .note.GNU-stack
                0x0000000000000000        0x0 binaries/yield.o
 .note.GNU-stack
                0x0000000000000000        0x0 binaries/abs.o
 .note.GNU-stack
                0x0000000000000000        0x0 binaries/atoi.o
 .note.GNU-stack
                0x0000000000000000        0x0 binaries/atol.o
 .note.GNU-stack
                0x0000000000000000        0x0 binaries/bzero.o
 .note.GNU-stack
                0x0000000000000000        0x0 binaries/ctype_.o
 .note.GNU-stack
                0x0000000000000000        0x0 binaries/doprnt.o
 .note.GNU-stack
                0x0000000000000000        0x0 binaries/doscan.o
 .note.GNU-stack
                0x0000000000000000        0x0 binaries/fdoprnt.o
 .note.GNU-stack
                0x0000000000000000        0x0 binaries/fgetc.o
 .note.GNU-stack
                0x0000000000000000        0x0 binaries/fgets.o
 .note.GNU-stack
                0x0000000000000000        0x0 binaries/fprintf.o
 .note.GNU-stack
                0x0000000000000000        0x0 binaries/fputc.o
 .note.GNU-stack
                0x0000000000000000        0x0 binaries/fputs.o
 .note.GNU-stack
                0x0000000000000000        0x0 binaries/fscanf.o
 .note.GNU-stack
                0x0000000000000000        0x0 binaries/getchar.o
 .note.GNU-stack
                0x0000000000000000        0x0 binaries/labs.o
 .note.GNU-stack
                0x0000000000000000        0x0 binaries/memchr.o
 .note.GNU-stack
                0x0000000000000000        0x0 binaries/memcmp.o
 .note.GNU-stack
                0x0000000000000000        0x0 binaries/memcpy.o
 .note.GNU-stack
                0x0000000000000000        0x0 binaries/memset.o
 .note.GNU-stack
                0x0000000000000000        0x0 binaries/printf.o
 .note.GNU-stack
                0x0000000000000000        0x0 binaries/putchar.o
 .note.GNU-stack
                0x0000000000000000        0x0 binaries/qsort.o
 .note.GNU-stack
                0x0000000000000000        0x0 binaries/rand.o
 .note.GNU-stack
                0x0000000000000000        0x0 binaries/sprintf.o
 .note.GNU-stack
                0x0000000000000000        0x0 binaries/sscanf.o
 .note.GNU-stack
                0x0000000000000000        0x0 binaries/strchr.o
 .note.GNU-stack
                0x0000000000000000        0x0 binaries/strcmp.o
 .note.GNU-stack
                0x0000000000000000        0x0 binaries/strcpy.o
 .note.GNU-stack
                0x0000000000000000        0x0 binaries/strlen.o
 .note.GNU-stack
                0x0000000000000000        0x0 binaries/strncat.o
 .note.GNU-stack
                0x0000000000000000        0x0 binaries/strncmp.o
 .note.GNU-stack
                0x0000000000000000        0x0 binaries/strncpy.o
 .note.GNU-stack
                0x0000000000000000        0x0 binaries/strnlen.o
 .note.GNU-stack
                0x0000000000000000        0x0 binaries/strrchr.o
 .note.GNU-stack
                0x0000000000000000        0x0 binaries/strstr.o
 .note.GNU-stack
                0x0000000000000000        0x0 binaries/ttycontrol.o
 .note.GNU-stack
                0x0000000000000000        0x0 binaries/ttygetc.o
 .note.GNU-stack
                0x0000000000000000        0x0 binaries/ttyhandle_in.o
 .note.GNU-stack
                0x0000000000000000        0x0 binaries/ttyhandle_out.o
 .note.GNU-stack
                0x0000000000000000        0x0 binaries/ttyhandler.o
 .note.GNU-stack
                0x0000000000000000        0x0 binaries/ttyinit.o
 .note.GNU-stack
                0x0000000000000000        0x0 binaries/ttykickout.o
 .note.GNU-stack
                0x0000000000000000        0x0 binaries/ttyputc.o
 .note.GNU-stack
                0x0000000000000000        0x0 binaries/ttyread.o
 .note.GNU-stack
                0x0000000000000000        0x0 binaries/ttywrite.o
 .note.GNU-stack
                0x0000000000000000        0x0 binaries/mount.o
 .note.GNU-stack
                0x0000000000000000        0x0 binaries/naminit.o
 .note.GNU-stack
                0x0000000000000000        0x0 binaries/nammap.o
 .note.GNU-stack
                0x0000000000000000        0x0 binaries/namopen.o
 .note.GNU-stack
                0x0000000000000000        0x0 binaries/colon2mac.o
 .note.GNU-stack
                0x0000000000000000        0x0 binaries/ethcontrol.o
 .note.GNU-stack
                0x0000000000000000        0x0 binaries/ethhandler.o
 .note.GNU-stack
                0x0000000000000000        0x0 binaries/ethinit.o
 .note.GNU-stack
                0x0000000000000000        0x0 binaries/ethmcast.o
 .note.GNU-stack
                0x0000000000000000        0x0 binaries/ethread.o
 .note.GNU-stack
                0x0000000000000000        0x0 binaries/ethwrite.o
 .note.GNU-stack
                0x0000000000000000        0x0 binaries/rdsbufalloc.o
 .note.GNU-stack
                0x0000000000000000        0x0 binaries/rdsclose.o
 .note.GNU-stack
                0x0000000000000000        0x0 binaries/rdscomm.o
 .note.GNU-stack
                0x0000000000000000        0x0 binaries/rdscontrol.o
 .note.GNU-stack
                0x0000000000000000        0x0 binaries/rdsinit.o
 .note.GNU-stack
                0x0000000000000000        0x0 binaries/rdsopen.o
 .note.GNU-stack
                0x0000000000000000        0x0 binaries/rdsprocess.o
 .note.GNU-stack
                0x0000000000000000        0x0 binaries/rdsread.o
 .note.GNU-stack
                0x0000000000000000        0x0 binaries/rdswrite.o
 .note.GNU-stack
                0x0000000000000000        0x0 binaries/ramclose.o
 .note.GNU-stack
                0x0000000000000000        0x0 binaries/raminit.o
 .note.GNU-stack
                0x0000000000000000        0x0 binaries/ramopen.o
 .note.GNU-stack
                0x0000000000000000        0x0 binaries/ramread.o
 .note.GNU-stack
                0x0000000000000000        0x0 binaries/ramwrite.o
 .note.GNU-stack
                0x0000000000000000        0x0 binaries/lfdballoc.o
 .note.GNU-stack
                0x0000000000000000        0x0 binaries/lfdbfree.o
 .note.GNU-stack
                0x0000000000000000        0x0 binaries/lfflush.o
 .note.GNU-stack
                0x0000000000000000        0x0 binaries/lfgetmode.o
 .note.GNU-stack
                0x0000000000000000        0x0 binaries/lfiballoc.o
 .note.GNU-stack
                0x0000000000000000        0x0 binaries/lfibclear.o
 .note.GNU-stack
                0x0000000000000000        0x0 binaries/lfibget.o
 .note.GNU-stack
                0x0000000000000000        0x0 binaries/lfibput.o
 .note.GNU-stack
                0x0000000000000000        0x0 binaries/lflclose.o
 .note.GNU-stack
                0x0000000000000000        0x0 binaries/lflcontrol.o
 .note.GNU-stack
                0x0000000000000000        0x0 binaries/lflgetc.o
 .note.GNU-stack
                0x0000000000000000        0x0 binaries/lflinit.o
 .note.GNU-stack
                0x0000000000000000        0x0 binaries/lflputc.o
 .note.GNU-stack
                0x0000000000000000        0x0 binaries/lflread.o
 .note.GNU-stack
                0x0000000000000000        0x0 binaries/lflseek.o
 .note.GNU-stack
                0x0000000000000000        0x0 binaries/lflwrite.o
 .note.GNU-stack
                0x0000000000000000        0x0 binaries/lfsckfmt.o
 .note.GNU-stack
                0x0000000000000000        0x0 binaries/lfscreate.o
 .note.GNU-stack
                0x0000000000000000        0x0 binaries/lfsetup.o
 .note.GNU-stack
                0x0000000000000000        0x0 binaries/lfsinit.o
 .note.GNU-stack
                0x0000000000000000        0x0 binaries/lfsopen.o
 .note.GNU-stack
                0x0000000000000000        0x0 binaries/lftruncate.o
 .note.GNU-stack
                0x0000000000000000        0x0 binaries/rflclose.o
 .note.GNU-stack
                0x0000000000000000        0x0 binaries/rflgetc.o
 .note.GNU-stack
                0x0000000000000000        0x0 binaries/rflinit.o
 .note.GNU-stack
                0x0000000000000000        0x0 binaries/rflputc.o
 .note.GNU-stack
                0x0000000000000000        0x0 binaries/rflread.o
 .note.GNU-stack
                0x0000000000000000        0x0 binaries/rflseek.o
 .note.GNU-stack
                0x0000000000000000        0x0 binaries/rflwrite.o
 .note.GNU-stack
                0x0000000000000000        0x0 binaries/rfscomm.o
 .note.GNU-stack
                0x0000000000000000        0x0 binaries/rfscontrol.o
 .note.GNU-stack
                0x0000000000000000        0x0 binaries/rfsgetmode.o
 .note.GNU-stack
                0x0000000000000000        0x0 binaries/rfsinit.o
 .note.GNU-stack
                0x0000000000000000        0x0 binaries/rfsndmsg.o
 .note.GNU-stack
                0x0000000000000000        0x0 binaries/rfsopen.o
 .note.GNU-stack
                0x0000000000000000        0x0 binaries/arp.o
 .note.GNU-stack
                0x0000000000000000        0x0 binaries/dhcp.o
 .note.GNU-stack
                0x0000000000000000        0x0 binaries/dot2ip.o
 .note.GNU-stack
                0x0000000000000000        0x0 binaries/hexdump.o
 .note.GNU-stack
                0x0000000000000000        0x0 binaries/icmp.o
 .note.GNU-stack
                0x0000000000000000        0x0 binaries/ip.o
 .note.GNU-stack
                0x0000000000000000        0x0 binaries/net.o
 .note.GNU-stack
                0x0000000000000000        0x0 binaries/netstart.o
 .note.GNU-stack
                0x0000000000000000        0x0 binaries/pdump.o
 .note.GNU-stack
                0x0000000000000000        0x0 binaries/tftp.o
 .note.GNU-stack
                0x0000000000000000        0x0 binaries/udp.o
 .note.GNU-stack
                0x0000000000000000        0x0 binaries/addargs.o
 .note.GNU-stack
                0x0000000000000000        0x0 binaries/lexan.o
 .note.GNU-stack
                0x0000000000000000        0x0 binaries/shell.o
 .note.GNU-stack
                0x0000000000000000        0x0 binaries/xsh_argecho.o
 .note.GNU-stack
                0x0000000000000000        0x0 binaries/xsh_arp.o
 .note.GNU-stack
                0x0000000000000000        0x0 binaries/xsh_cat.o
 .note.GNU-stack
                0x0000000000000000        0x0 binaries/xsh_clear.o
 .note.GNU-stack
                0x0000000000000000        0x0 binaries/xsh_date.o
 .note.GNU-stack
                0x0000000000000000        0x0 binaries/xsh_devdump.o
 .note.GNU-stack
                0x0000000000000000        0x0 binaries/xsh_echo.o
 .note.GNU-stack
                0x0000000000000000        0x0 binaries/xsh_exit.o
 .note.GNU-stack
                0x0000000000000000        0x0 binaries/xsh_help.o
 .note.GNU-stack
                0x0000000000000000        0x0 binaries/xsh_ipaddr.o
 .note.GNU-stack
                0x0000000000000000        0x0 binaries/xsh_kill.o
 .note.GNU-stack
                0x0000000000000000        0x0 binaries/xsh_memdump.o
 .note.GNU-stack
                0x0000000000000000        0x0 binaries/xsh_memstat.o
 .note.GNU-stack
                0x0000000000000000        0x0 binaries/xsh_ping.o
 .note.GNU-stack
                0x0000000000000000        0x0 binaries/xsh_ps.o
 .note.GNU-stack
                0x0000000000000000        0x0 binaries/xsh_sleep.o
 .note.GNU-stack
                0x0000000000000000        0x0 binaries/xsh_udpdump.o
 .note.GNU-stack
                0x0000000000000000        0x0 binaries/xsh_udpecho.o
 .note.GNU-stack
                0x0000000000000000        0x0 binaries/xsh_udpeserver.o
 .note.GNU-stack
                0x0000000000000000        0x0 binaries/xsh_uptime.o
 .note.GNU-stack
                0x0000000000000000        0x0 binaries/host2netca.o
